<?xml version="1.0" encoding="ISO-8859-1" ?>
<link_info>
   <banner>TI ARM Linker PC v20.2.7.LTS</banner>
   <copyright>Copyright (c) 1996-2018 Texas Instruments Incorporated</copyright>
   <link_time>0x652ae0c3</link_time>
   <link_errors>0x0</link_errors>
   <output_file>gpiointerrupt_CC3220S_LAUNCHXL_nortos_ccs.out</output_file>
   <entry_point>
      <name>resetISR</name>
      <address>0x200120b1</address>
   </entry_point>
   <input_file_list>
      <input_file id="fl-2">
         <path>.\</path>
         <kind>object</kind>
         <file>gpiointerrupt.obj</file>
         <name>gpiointerrupt.obj</name>
      </input_file>
      <input_file id="fl-3">
         <path>.\syscfg\</path>
         <kind>object</kind>
         <file>ti_drivers_config.obj</file>
         <name>ti_drivers_config.obj</name>
      </input_file>
      <input_file id="fl-4">
         <path>.\</path>
         <kind>object</kind>
         <file>main_nortos.obj</file>
         <name>main_nortos.obj</name>
      </input_file>
      <input_file id="fl-d">
         <kind>object</kind>
         <file>&lt;internal&gt;</file>
         <name>&lt;internal&gt;</name>
      </input_file>
      <input_file id="fl-e">
         <path>C:\ti\simplelink_cc32xx_sdk_4_30_00_06\source\ti\drivers\lib\ccs\m4\</path>
         <kind>archive</kind>
         <file>drivers_cc32xx.a</file>
         <name>I2C.oem4</name>
      </input_file>
      <input_file id="fl-f">
         <path>C:\ti\simplelink_cc32xx_sdk_4_30_00_06\source\ti\drivers\lib\ccs\m4\</path>
         <kind>archive</kind>
         <file>drivers_cc32xx.a</file>
         <name>Timer.oem4</name>
      </input_file>
      <input_file id="fl-10">
         <path>C:\ti\simplelink_cc32xx_sdk_4_30_00_06\source\ti\drivers\lib\ccs\m4\</path>
         <kind>archive</kind>
         <file>drivers_cc32xx.a</file>
         <name>UART.oem4</name>
      </input_file>
      <input_file id="fl-11">
         <path>C:\ti\simplelink_cc32xx_sdk_4_30_00_06\source\ti\drivers\lib\ccs\m4\</path>
         <kind>archive</kind>
         <file>drivers_cc32xx.a</file>
         <name>GPIOCC32XX.oem4</name>
      </input_file>
      <input_file id="fl-12">
         <path>C:\ti\simplelink_cc32xx_sdk_4_30_00_06\source\ti\drivers\lib\ccs\m4\</path>
         <kind>archive</kind>
         <file>drivers_cc32xx.a</file>
         <name>I2CCC32XX.oem4</name>
      </input_file>
      <input_file id="fl-13">
         <path>C:\ti\simplelink_cc32xx_sdk_4_30_00_06\source\ti\drivers\lib\ccs\m4\</path>
         <kind>archive</kind>
         <file>drivers_cc32xx.a</file>
         <name>PowerCC32XX.oem4</name>
      </input_file>
      <input_file id="fl-14">
         <path>C:\ti\simplelink_cc32xx_sdk_4_30_00_06\source\ti\drivers\lib\ccs\m4\</path>
         <kind>archive</kind>
         <file>drivers_cc32xx.a</file>
         <name>PowerCC32XX_asm.oem4</name>
      </input_file>
      <input_file id="fl-15">
         <path>C:\ti\simplelink_cc32xx_sdk_4_30_00_06\source\ti\drivers\lib\ccs\m4\</path>
         <kind>archive</kind>
         <file>drivers_cc32xx.a</file>
         <name>TimerCC32XX.oem4</name>
      </input_file>
      <input_file id="fl-16">
         <path>C:\ti\simplelink_cc32xx_sdk_4_30_00_06\source\ti\drivers\lib\ccs\m4\</path>
         <kind>archive</kind>
         <file>drivers_cc32xx.a</file>
         <name>UARTCC32XX.oem4</name>
      </input_file>
      <input_file id="fl-17">
         <path>C:\ti\simplelink_cc32xx_sdk_4_30_00_06\source\ti\drivers\lib\ccs\m4\</path>
         <kind>archive</kind>
         <file>drivers_cc32xx.a</file>
         <name>List.oem4</name>
      </input_file>
      <input_file id="fl-18">
         <path>C:\ti\simplelink_cc32xx_sdk_4_30_00_06\source\ti\drivers\lib\ccs\m4\</path>
         <kind>archive</kind>
         <file>drivers_cc32xx.a</file>
         <name>RingBuf.oem4</name>
      </input_file>
      <input_file id="fl-19">
         <path>C:\ti\simplelink_cc32xx_sdk_4_30_00_06\kernel\nortos\lib\ccs\m4\</path>
         <kind>archive</kind>
         <file>nortos_cc32xx.a</file>
         <name>NoRTOS.oem4</name>
      </input_file>
      <input_file id="fl-1a">
         <path>C:\ti\simplelink_cc32xx_sdk_4_30_00_06\kernel\nortos\lib\ccs\m4\</path>
         <kind>archive</kind>
         <file>nortos_cc32xx.a</file>
         <name>SemaphoreP_nortos.oem4</name>
      </input_file>
      <input_file id="fl-1b">
         <path>C:\ti\simplelink_cc32xx_sdk_4_30_00_06\kernel\nortos\lib\ccs\m4\</path>
         <kind>archive</kind>
         <file>nortos_cc32xx.a</file>
         <name>ClockPSysTick_nortos.oem4</name>
      </input_file>
      <input_file id="fl-1c">
         <path>C:\ti\simplelink_cc32xx_sdk_4_30_00_06\kernel\nortos\lib\ccs\m4\</path>
         <kind>archive</kind>
         <file>nortos_cc32xx.a</file>
         <name>HwiPCC32XX_nortos.oem4</name>
      </input_file>
      <input_file id="fl-1d">
         <path>C:\ti\simplelink_cc32xx_sdk_4_30_00_06\kernel\nortos\lib\ccs\m4\</path>
         <kind>archive</kind>
         <file>nortos_cc32xx.a</file>
         <name>PowerCC32XX_nortos.oem4</name>
      </input_file>
      <input_file id="fl-1e">
         <path>C:\ti\simplelink_cc32xx_sdk_4_30_00_06\kernel\nortos\lib\ccs\m4\</path>
         <kind>archive</kind>
         <file>nortos_cc32xx.a</file>
         <name>startup_cc32xx_ccs.oem4</name>
      </input_file>
      <input_file id="fl-1f">
         <path>C:\ti\simplelink_cc32xx_sdk_4_30_00_06\kernel\nortos\lib\ccs\m4\</path>
         <kind>archive</kind>
         <file>nortos_cc32xx.a</file>
         <name>SwiP_nortos.oem4</name>
      </input_file>
      <input_file id="fl-20">
         <path>C:\ti\simplelink_cc32xx_sdk_4_30_00_06\kernel\nortos\lib\ccs\m4\</path>
         <kind>archive</kind>
         <file>nortos_cc32xx.a</file>
         <name>QueueP_nortos.oem4</name>
      </input_file>
      <input_file id="fl-21">
         <path>C:\ti\simplelink_cc32xx_sdk_4_30_00_06\source\ti\devices\cc32xx\driverlib\ccs\Release\</path>
         <kind>archive</kind>
         <file>driverlib.a</file>
         <name>cpu.obj</name>
      </input_file>
      <input_file id="fl-22">
         <path>C:\ti\simplelink_cc32xx_sdk_4_30_00_06\source\ti\devices\cc32xx\driverlib\ccs\Release\</path>
         <kind>archive</kind>
         <file>driverlib.a</file>
         <name>i2c.obj</name>
      </input_file>
      <input_file id="fl-23">
         <path>C:\ti\simplelink_cc32xx_sdk_4_30_00_06\source\ti\devices\cc32xx\driverlib\ccs\Release\</path>
         <kind>archive</kind>
         <file>driverlib.a</file>
         <name>interrupt.obj</name>
      </input_file>
      <input_file id="fl-24">
         <path>C:\ti\simplelink_cc32xx_sdk_4_30_00_06\source\ti\devices\cc32xx\driverlib\ccs\Release\</path>
         <kind>archive</kind>
         <file>driverlib.a</file>
         <name>pin.obj</name>
      </input_file>
      <input_file id="fl-25">
         <path>C:\ti\simplelink_cc32xx_sdk_4_30_00_06\source\ti\devices\cc32xx\driverlib\ccs\Release\</path>
         <kind>archive</kind>
         <file>driverlib.a</file>
         <name>prcm.obj</name>
      </input_file>
      <input_file id="fl-26">
         <path>C:\ti\simplelink_cc32xx_sdk_4_30_00_06\source\ti\devices\cc32xx\driverlib\ccs\Release\</path>
         <kind>archive</kind>
         <file>driverlib.a</file>
         <name>timer.obj</name>
      </input_file>
      <input_file id="fl-27">
         <path>C:\ti\simplelink_cc32xx_sdk_4_30_00_06\source\ti\devices\cc32xx\driverlib\ccs\Release\</path>
         <kind>archive</kind>
         <file>driverlib.a</file>
         <name>uart.obj</name>
      </input_file>
      <input_file id="fl-28">
         <path>C:\ti\simplelink_cc32xx_sdk_4_30_00_06\source\ti\devices\cc32xx\driverlib\ccs\Release\</path>
         <kind>archive</kind>
         <file>driverlib.a</file>
         <name>utils.obj</name>
      </input_file>
      <input_file id="fl-29">
         <path>C:\ti\simplelink_cc32xx_sdk_4_30_00_06\source\ti\devices\cc32xx\driverlib\ccs\Release\</path>
         <kind>archive</kind>
         <file>driverlib.a</file>
         <name>flash.obj</name>
      </input_file>
      <input_file id="fl-df">
         <path>C:\Users\mband\ccs\tools\compiler\ti-cgt-arm_20.2.7.LTS\lib\</path>
         <kind>archive</kind>
         <file>rtsv7M4_T_le_eabi.lib</file>
         <name>snprintf.c.obj</name>
      </input_file>
      <input_file id="fl-e0">
         <path>C:\Users\mband\ccs\tools\compiler\ti-cgt-arm_20.2.7.LTS\lib\</path>
         <kind>archive</kind>
         <file>rtsv7M4_T_le_eabi.lib</file>
         <name>fs_mul_t2.asm.obj</name>
      </input_file>
      <input_file id="fl-e1">
         <path>C:\Users\mband\ccs\tools\compiler\ti-cgt-arm_20.2.7.LTS\lib\</path>
         <kind>archive</kind>
         <file>rtsv7M4_T_le_eabi.lib</file>
         <name>fs_toi_t2.asm.obj</name>
      </input_file>
      <input_file id="fl-e2">
         <path>C:\Users\mband\ccs\tools\compiler\ti-cgt-arm_20.2.7.LTS\lib\</path>
         <kind>archive</kind>
         <file>rtsv7M4_T_le_eabi.lib</file>
         <name>i_tofs_t2.asm.obj</name>
      </input_file>
      <input_file id="fl-e3">
         <path>C:\Users\mband\ccs\tools\compiler\ti-cgt-arm_20.2.7.LTS\lib\</path>
         <kind>archive</kind>
         <file>rtsv7M4_T_le_eabi.lib</file>
         <name>ll_mul_t2.asm.obj</name>
      </input_file>
      <input_file id="fl-e4">
         <path>C:\Users\mband\ccs\tools\compiler\ti-cgt-arm_20.2.7.LTS\lib\</path>
         <kind>archive</kind>
         <file>rtsv7M4_T_le_eabi.lib</file>
         <name>memcpy_t2.asm.obj</name>
      </input_file>
      <input_file id="fl-e5">
         <path>C:\Users\mband\ccs\tools\compiler\ti-cgt-arm_20.2.7.LTS\lib\</path>
         <kind>archive</kind>
         <file>rtsv7M4_T_le_eabi.lib</file>
         <name>ull_div_t2.asm.obj</name>
      </input_file>
      <input_file id="fl-e6">
         <path>C:\Users\mband\ccs\tools\compiler\ti-cgt-arm_20.2.7.LTS\lib\</path>
         <kind>archive</kind>
         <file>rtsv7M4_T_le_eabi.lib</file>
         <name>copy_zero_init.c.obj</name>
      </input_file>
      <input_file id="fl-e7">
         <path>C:\Users\mband\ccs\tools\compiler\ti-cgt-arm_20.2.7.LTS\lib\</path>
         <kind>archive</kind>
         <file>rtsv7M4_T_le_eabi.lib</file>
         <name>copy_decompress_none.c.obj</name>
      </input_file>
      <input_file id="fl-e8">
         <path>C:\Users\mband\ccs\tools\compiler\ti-cgt-arm_20.2.7.LTS\lib\</path>
         <kind>archive</kind>
         <file>rtsv7M4_T_le_eabi.lib</file>
         <name>copy_decompress_lzss.c.obj</name>
      </input_file>
      <input_file id="fl-e9">
         <path>C:\Users\mband\ccs\tools\compiler\ti-cgt-arm_20.2.7.LTS\lib\</path>
         <kind>archive</kind>
         <file>rtsv7M4_T_le_eabi.lib</file>
         <name>memory.c.obj</name>
      </input_file>
      <input_file id="fl-ea">
         <path>C:\Users\mband\ccs\tools\compiler\ti-cgt-arm_20.2.7.LTS\lib\</path>
         <kind>archive</kind>
         <file>rtsv7M4_T_le_eabi.lib</file>
         <name>boot_cortex_m.c.obj</name>
      </input_file>
      <input_file id="fl-eb">
         <path>C:\Users\mband\ccs\tools\compiler\ti-cgt-arm_20.2.7.LTS\lib\</path>
         <kind>archive</kind>
         <file>rtsv7M4_T_le_eabi.lib</file>
         <name>_printfi.c.obj</name>
      </input_file>
      <input_file id="fl-ec">
         <path>C:\Users\mband\ccs\tools\compiler\ti-cgt-arm_20.2.7.LTS\lib\</path>
         <kind>archive</kind>
         <file>rtsv7M4_T_le_eabi.lib</file>
         <name>div0.asm.obj</name>
      </input_file>
      <input_file id="fl-ed">
         <path>C:\Users\mband\ccs\tools\compiler\ti-cgt-arm_20.2.7.LTS\lib\</path>
         <kind>archive</kind>
         <file>rtsv7M4_T_le_eabi.lib</file>
         <name>fd_add_t2.asm.obj</name>
      </input_file>
      <input_file id="fl-ee">
         <path>C:\Users\mband\ccs\tools\compiler\ti-cgt-arm_20.2.7.LTS\lib\</path>
         <kind>archive</kind>
         <file>rtsv7M4_T_le_eabi.lib</file>
         <name>fd_cmp_t2.asm.obj</name>
      </input_file>
      <input_file id="fl-ef">
         <path>C:\Users\mband\ccs\tools\compiler\ti-cgt-arm_20.2.7.LTS\lib\</path>
         <kind>archive</kind>
         <file>rtsv7M4_T_le_eabi.lib</file>
         <name>fd_div_t2.asm.obj</name>
      </input_file>
      <input_file id="fl-f0">
         <path>C:\Users\mband\ccs\tools\compiler\ti-cgt-arm_20.2.7.LTS\lib\</path>
         <kind>archive</kind>
         <file>rtsv7M4_T_le_eabi.lib</file>
         <name>fd_mul_t2.asm.obj</name>
      </input_file>
      <input_file id="fl-f1">
         <path>C:\Users\mband\ccs\tools\compiler\ti-cgt-arm_20.2.7.LTS\lib\</path>
         <kind>archive</kind>
         <file>rtsv7M4_T_le_eabi.lib</file>
         <name>fd_toi_t2.asm.obj</name>
      </input_file>
      <input_file id="fl-f2">
         <path>C:\Users\mband\ccs\tools\compiler\ti-cgt-arm_20.2.7.LTS\lib\</path>
         <kind>archive</kind>
         <file>rtsv7M4_T_le_eabi.lib</file>
         <name>i_tofd_t2.asm.obj</name>
      </input_file>
      <input_file id="fl-f3">
         <path>C:\Users\mband\ccs\tools\compiler\ti-cgt-arm_20.2.7.LTS\lib\</path>
         <kind>archive</kind>
         <file>rtsv7M4_T_le_eabi.lib</file>
         <name>memset_t2.asm.obj</name>
      </input_file>
      <input_file id="fl-f4">
         <path>C:\Users\mband\ccs\tools\compiler\ti-cgt-arm_20.2.7.LTS\lib\</path>
         <kind>archive</kind>
         <file>rtsv7M4_T_le_eabi.lib</file>
         <name>autoinit.c.obj</name>
      </input_file>
      <input_file id="fl-f5">
         <path>C:\Users\mband\ccs\tools\compiler\ti-cgt-arm_20.2.7.LTS\lib\</path>
         <kind>archive</kind>
         <file>rtsv7M4_T_le_eabi.lib</file>
         <name>pre_init.c.obj</name>
      </input_file>
      <input_file id="fl-f6">
         <path>C:\Users\mband\ccs\tools\compiler\ti-cgt-arm_20.2.7.LTS\lib\</path>
         <kind>archive</kind>
         <file>rtsv7M4_T_le_eabi.lib</file>
         <name>cpy_tbl.c.obj</name>
      </input_file>
      <input_file id="fl-f7">
         <path>C:\Users\mband\ccs\tools\compiler\ti-cgt-arm_20.2.7.LTS\lib\</path>
         <kind>archive</kind>
         <file>rtsv7M4_T_le_eabi.lib</file>
         <name>exit.c.obj</name>
      </input_file>
      <input_file id="fl-f8">
         <path>C:\Users\mband\ccs\tools\compiler\ti-cgt-arm_20.2.7.LTS\lib\</path>
         <kind>archive</kind>
         <file>rtsv7M4_T_le_eabi.lib</file>
         <name>_lock.c.obj</name>
      </input_file>
      <input_file id="fl-f9">
         <path>C:\Users\mband\ccs\tools\compiler\ti-cgt-arm_20.2.7.LTS\lib\</path>
         <kind>archive</kind>
         <file>rtsv7M4_T_le_eabi.lib</file>
         <name>_ltoa.c.obj</name>
      </input_file>
      <input_file id="fl-fa">
         <path>C:\Users\mband\ccs\tools\compiler\ti-cgt-arm_20.2.7.LTS\lib\</path>
         <kind>archive</kind>
         <file>rtsv7M4_T_le_eabi.lib</file>
         <name>args_main.c.obj</name>
      </input_file>
      <input_file id="fl-fb">
         <path>C:\Users\mband\ccs\tools\compiler\ti-cgt-arm_20.2.7.LTS\lib\</path>
         <kind>archive</kind>
         <file>rtsv7M4_T_le_eabi.lib</file>
         <name>atoi.c.obj</name>
      </input_file>
      <input_file id="fl-fc">
         <path>C:\Users\mband\ccs\tools\compiler\ti-cgt-arm_20.2.7.LTS\lib\</path>
         <kind>archive</kind>
         <file>rtsv7M4_T_le_eabi.lib</file>
         <name>ctype.c.obj</name>
      </input_file>
      <input_file id="fl-fd">
         <path>C:\Users\mband\ccs\tools\compiler\ti-cgt-arm_20.2.7.LTS\lib\</path>
         <kind>archive</kind>
         <file>rtsv7M4_T_le_eabi.lib</file>
         <name>memccpy.c.obj</name>
      </input_file>
      <input_file id="fl-fe">
         <path>C:\Users\mband\ccs\tools\compiler\ti-cgt-arm_20.2.7.LTS\lib\</path>
         <kind>archive</kind>
         <file>rtsv7M4_T_le_eabi.lib</file>
         <name>strchr.c.obj</name>
      </input_file>
      <input_file id="fl-ff">
         <path>C:\Users\mband\ccs\tools\compiler\ti-cgt-arm_20.2.7.LTS\lib\</path>
         <kind>archive</kind>
         <file>rtsv7M4_T_le_eabi.lib</file>
         <name>strlen.c.obj</name>
      </input_file>
      <input_file id="fl-100">
         <path>C:\Users\mband\ccs\tools\compiler\ti-cgt-arm_20.2.7.LTS\lib\</path>
         <kind>archive</kind>
         <file>rtsv7M4_T_le_eabi.lib</file>
         <name>errno.c.obj</name>
      </input_file>
      <input_file id="fl-101">
         <path>C:\Users\mband\ccs\tools\compiler\ti-cgt-arm_20.2.7.LTS\lib\</path>
         <kind>archive</kind>
         <file>rtsv7M4_T_le_eabi.lib</file>
         <name>wcslen.c.obj</name>
      </input_file>
      <input_file id="fl-102">
         <path>C:\Users\mband\ccs\tools\compiler\ti-cgt-arm_20.2.7.LTS\lib\</path>
         <kind>archive</kind>
         <file>rtsv7M4_T_le_eabi.lib</file>
         <name>s_frexp.c.obj</name>
      </input_file>
      <input_file id="fl-103">
         <path>C:\Users\mband\ccs\tools\compiler\ti-cgt-arm_20.2.7.LTS\lib\</path>
         <kind>archive</kind>
         <file>rtsv7M4_T_le_eabi.lib</file>
         <name>s_scalbn.c.obj</name>
      </input_file>
      <input_file id="fl-104">
         <path>C:\Users\mband\ccs\tools\compiler\ti-cgt-arm_20.2.7.LTS\lib\</path>
         <kind>archive</kind>
         <file>rtsv7M4_T_le_eabi.lib</file>
         <name>s_copysign.c.obj</name>
      </input_file>
   </input_file_list>
   <object_component_list>
      <object_component id="oc-497">
         <name>.text:__TI_printfi</name>
         <load_address>0x2000c040</load_address>
         <run_address>0x2000c040</run_address>
         <size>0xa4e</size>
         <input_file_ref idref="fl-eb"/>
      </object_component>
      <object_component id="oc-1d9">
         <name>.text:Board_initHook</name>
         <load_address>0x2000ca8e</load_address>
         <run_address>0x2000ca8e</run_address>
         <size>0x2</size>
         <input_file_ref idref="fl-3"/>
      </object_component>
      <object_component id="oc-1cd">
         <name>.text:PRCMCC3200MCUInit</name>
         <load_address>0x2000ca90</load_address>
         <run_address>0x2000ca90</run_address>
         <size>0x42c</size>
         <input_file_ref idref="fl-25"/>
      </object_component>
      <object_component id="oc-74f">
         <name>.text:UARTCC32XX_open</name>
         <load_address>0x2000cebc</load_address>
         <run_address>0x2000cebc</run_address>
         <size>0x288</size>
         <input_file_ref idref="fl-16"/>
      </object_component>
      <object_component id="oc-614">
         <name>.text:_pconv_a</name>
         <load_address>0x2000d144</load_address>
         <run_address>0x2000d144</run_address>
         <size>0x268</size>
         <input_file_ref idref="fl-eb"/>
      </object_component>
      <object_component id="oc-205">
         <name>.text:initI2C</name>
         <load_address>0x2000d3ac</load_address>
         <run_address>0x2000d3ac</run_address>
         <size>0x250</size>
         <input_file_ref idref="fl-2"/>
      </object_component>
      <object_component id="oc-1e7">
         <name>.text:GPIO_setConfig</name>
         <load_address>0x2000d5fc</load_address>
         <run_address>0x2000d5fc</run_address>
         <size>0x1e4</size>
         <input_file_ref idref="fl-11"/>
      </object_component>
      <object_component id="oc-602">
         <name>.text:_pconv_g</name>
         <load_address>0x2000d7e0</load_address>
         <run_address>0x2000d7e0</run_address>
         <size>0x1cc</size>
         <input_file_ref idref="fl-eb"/>
      </object_component>
      <object_component id="oc-7a9">
         <name>.text</name>
         <load_address>0x2000d9ac</load_address>
         <run_address>0x2000d9ac</run_address>
         <size>0x1b6</size>
         <input_file_ref idref="fl-ed"/>
      </object_component>
      <object_component id="oc-35d">
         <name>.text:I2C_init</name>
         <load_address>0x2000db62</load_address>
         <run_address>0x2000db62</run_address>
         <size>0x2</size>
         <input_file_ref idref="fl-e"/>
      </object_component>
      <object_component id="oc-3eb">
         <name>.text:PowerCC32XX_sleepPolicy</name>
         <load_address>0x2000db64</load_address>
         <run_address>0x2000db64</run_address>
         <size>0x19c</size>
         <input_file_ref idref="fl-1d"/>
      </object_component>
      <object_component id="oc-4de">
         <name>.text:I2CCC32XX_hwiFxn</name>
         <load_address>0x2000dd00</load_address>
         <run_address>0x2000dd00</run_address>
         <size>0x148</size>
         <input_file_ref idref="fl-12"/>
      </object_component>
      <object_component id="oc-6e4">
         <name>.text:parkPins</name>
         <load_address>0x2000de48</load_address>
         <run_address>0x2000de48</run_address>
         <size>0x148</size>
         <input_file_ref idref="fl-13"/>
      </object_component>
      <object_component id="oc-60e">
         <name>.text:_pconv_e</name>
         <load_address>0x2000df90</load_address>
         <run_address>0x2000df90</run_address>
         <size>0x13c</size>
         <input_file_ref idref="fl-eb"/>
      </object_component>
      <object_component id="oc-567">
         <name>.text:Power_sleep</name>
         <load_address>0x2000e0cc</load_address>
         <run_address>0x2000e0cc</run_address>
         <size>0x138</size>
         <input_file_ref idref="fl-13"/>
      </object_component>
      <object_component id="oc-78f">
         <name>.text</name>
         <load_address>0x2000e204</load_address>
         <run_address>0x2000e204</run_address>
         <size>0x136</size>
         <input_file_ref idref="fl-ef"/>
      </object_component>
      <object_component id="oc-3e5">
         <name>.text:PowerCC32XX_initPolicy</name>
         <load_address>0x2000e33a</load_address>
         <run_address>0x2000e33a</run_address>
         <size>0x2</size>
         <input_file_ref idref="fl-1d"/>
      </object_component>
      <object_component id="oc-861">
         <name>.text:TimerCC32XX_open</name>
         <load_address>0x2000e33c</load_address>
         <run_address>0x2000e33c</run_address>
         <size>0x128</size>
         <input_file_ref idref="fl-15"/>
      </object_component>
      <object_component id="oc-4ec">
         <name>.text:I2C_transferTimeout</name>
         <load_address>0x2000e464</load_address>
         <run_address>0x2000e464</run_address>
         <size>0x122</size>
         <input_file_ref idref="fl-e"/>
      </object_component>
      <object_component id="oc-85b">
         <name>.text:TimerCC32XX_init</name>
         <load_address>0x2000e586</load_address>
         <run_address>0x2000e586</run_address>
         <size>0x2</size>
         <input_file_ref idref="fl-15"/>
      </object_component>
      <object_component id="oc-73d">
         <name>.text:UARTCC32XX_close</name>
         <load_address>0x2000e588</load_address>
         <run_address>0x2000e588</run_address>
         <size>0x120</size>
         <input_file_ref idref="fl-16"/>
      </object_component>
      <object_component id="oc-7bb">
         <name>.text:fcvt</name>
         <load_address>0x2000e6a8</load_address>
         <run_address>0x2000e6a8</run_address>
         <size>0x120</size>
         <input_file_ref idref="fl-eb"/>
      </object_component>
      <object_component id="oc-39f">
         <name>.text:readTemp</name>
         <load_address>0x2000e7c8</load_address>
         <run_address>0x2000e7c8</run_address>
         <size>0x120</size>
         <input_file_ref idref="fl-2"/>
      </object_component>
      <object_component id="oc-5c6">
         <name>.text:aligned_alloc</name>
         <load_address>0x2000e8e8</load_address>
         <run_address>0x2000e8e8</run_address>
         <size>0x100</size>
         <input_file_ref idref="fl-e9"/>
      </object_component>
      <object_component id="oc-369">
         <name>.text:I2C_open</name>
         <load_address>0x2000e9e8</load_address>
         <run_address>0x2000e9e8</run_address>
         <size>0xfc</size>
         <input_file_ref idref="fl-12"/>
      </object_component>
      <object_component id="oc-78a">
         <name>.text</name>
         <load_address>0x2000eae4</load_address>
         <run_address>0x2000eae4</run_address>
         <size>0xfc</size>
         <input_file_ref idref="fl-f0"/>
      </object_component>
      <object_component id="oc-743">
         <name>.text:UARTCC32XX_control</name>
         <load_address>0x2000ebe0</load_address>
         <run_address>0x2000ebe0</run_address>
         <size>0xf2</size>
         <input_file_ref idref="fl-16"/>
      </object_component>
      <object_component id="oc-749">
         <name>.text:UARTCC32XX_init</name>
         <load_address>0x2000ecd2</load_address>
         <run_address>0x2000ecd2</run_address>
         <size>0x2</size>
         <input_file_ref idref="fl-16"/>
      </object_component>
      <object_component id="oc-407">
         <name>.text:free</name>
         <load_address>0x2000ecd4</load_address>
         <run_address>0x2000ecd4</run_address>
         <size>0xe4</size>
         <input_file_ref idref="fl-e9"/>
      </object_component>
      <object_component id="oc-15f">
         <name>.text:mainThread</name>
         <load_address>0x2000edb8</load_address>
         <run_address>0x2000edb8</run_address>
         <size>0xd8</size>
         <input_file_ref idref="fl-2"/>
      </object_component>
      <object_component id="oc-7cf">
         <name>.text:scalbn</name>
         <load_address>0x2000ee90</load_address>
         <run_address>0x2000ee90</run_address>
         <size>0xd0</size>
         <input_file_ref idref="fl-103"/>
      </object_component>
      <object_component id="oc-767">
         <name>.text:UARTCC32XX_write</name>
         <load_address>0x2000ef60</load_address>
         <run_address>0x2000ef60</run_address>
         <size>0xca</size>
         <input_file_ref idref="fl-16"/>
      </object_component>
      <object_component id="oc-3ad">
         <name>.text:_nop</name>
         <load_address>0x2000f02a</load_address>
         <run_address>0x2000f02a</run_address>
         <size>0x2</size>
         <input_file_ref idref="fl-f8"/>
      </object_component>
      <object_component id="oc-1e1">
         <name>.text:GPIO_init</name>
         <load_address>0x2000f02c</load_address>
         <run_address>0x2000f02c</run_address>
         <size>0xc4</size>
         <input_file_ref idref="fl-11"/>
      </object_component>
      <object_component id="oc-701">
         <name>.text:restoreParkedPins</name>
         <load_address>0x2000f0f0</load_address>
         <run_address>0x2000f0f0</run_address>
         <size>0xc0</size>
         <input_file_ref idref="fl-13"/>
      </object_component>
      <object_component id="oc-75b">
         <name>.text:UARTCC32XX_readPolling</name>
         <load_address>0x2000f1b0</load_address>
         <run_address>0x2000f1b0</run_address>
         <size>0xba</size>
         <input_file_ref idref="fl-16"/>
      </object_component>
      <object_component id="oc-73">
         <name>.text:busFaultHandler</name>
         <load_address>0x2000f26a</load_address>
         <run_address>0x2000f26a</run_address>
         <size>0x2</size>
         <input_file_ref idref="fl-1e"/>
      </object_component>
      <object_component id="oc-922">
         <name>.text:initHw</name>
         <load_address>0x2000f26c</load_address>
         <run_address>0x2000f26c</run_address>
         <size>0xb8</size>
         <input_file_ref idref="fl-16"/>
      </object_component>
      <object_component id="oc-a49">
         <name>.text:readTaskCallback</name>
         <load_address>0x2000f324</load_address>
         <run_address>0x2000f324</run_address>
         <size>0xb6</size>
         <input_file_ref idref="fl-16"/>
      </object_component>
      <object_component id="oc-67a">
         <name>.text:I2CCC32XX_completeTransfer</name>
         <load_address>0x2000f3da</load_address>
         <run_address>0x2000f3da</run_address>
         <size>0xb2</size>
         <input_file_ref idref="fl-12"/>
      </object_component>
      <object_component id="oc-5f7">
         <name>.text:_ltostr</name>
         <load_address>0x2000f48c</load_address>
         <run_address>0x2000f48c</run_address>
         <size>0xb1</size>
         <input_file_ref idref="fl-eb"/>
      </object_component>
      <object_component id="oc-a37">
         <name>.text:readTaskBlocking</name>
         <load_address>0x2000f53e</load_address>
         <run_address>0x2000f53e</run_address>
         <size>0xb0</size>
         <input_file_ref idref="fl-16"/>
      </object_component>
      <object_component id="oc-a3d">
         <name>.text:readIsrTextBlocking</name>
         <load_address>0x2000f5ee</load_address>
         <run_address>0x2000f5ee</run_address>
         <size>0xae</size>
         <input_file_ref idref="fl-16"/>
      </object_component>
      <object_component id="oc-668">
         <name>.text:I2CCC32XX_primeWriteBurst</name>
         <load_address>0x2000f69c</load_address>
         <run_address>0x2000f69c</run_address>
         <size>0xa8</size>
         <input_file_ref idref="fl-12"/>
      </object_component>
      <object_component id="oc-b5">
         <name>.text:IntEnable</name>
         <load_address>0x2000f744</load_address>
         <run_address>0x2000f744</run_address>
         <size>0xa8</size>
         <input_file_ref idref="fl-23"/>
      </object_component>
      <object_component id="oc-2b6">
         <name>.text:PowerCC32XX_configureWakeup</name>
         <load_address>0x2000f7ec</load_address>
         <run_address>0x2000f7ec</run_address>
         <size>0xa8</size>
         <input_file_ref idref="fl-13"/>
      </object_component>
      <object_component id="oc-a4f">
         <name>.text:readIsrTextCallback</name>
         <load_address>0x2000f894</load_address>
         <run_address>0x2000f894</run_address>
         <size>0xa2</size>
         <input_file_ref idref="fl-16"/>
      </object_component>
      <object_component id="oc-959">
         <name>.text:writeData</name>
         <load_address>0x2000f936</load_address>
         <run_address>0x2000f936</run_address>
         <size>0xa2</size>
         <input_file_ref idref="fl-16"/>
      </object_component>
      <object_component id="oc-2dc">
         <name>.text:SemaphoreP_pend</name>
         <load_address>0x2000f9d8</load_address>
         <run_address>0x2000f9d8</run_address>
         <size>0xa0</size>
         <input_file_ref idref="fl-1a"/>
      </object_component>
      <object_component id="oc-4cc">
         <name>.text:I2CCC32XX_initHw</name>
         <load_address>0x2000fa78</load_address>
         <run_address>0x2000fa78</run_address>
         <size>0x9c</size>
         <input_file_ref idref="fl-12"/>
      </object_component>
      <object_component id="oc-3b">
         <name>.text</name>
         <load_address>0x2000fb14</load_address>
         <run_address>0x2000fb14</run_address>
         <size>0x9c</size>
         <input_file_ref idref="fl-e4"/>
      </object_component>
      <object_component id="oc-2f8">
         <name>.text:powerNotifyFxn</name>
         <load_address>0x2000fbb0</load_address>
         <run_address>0x2000fbb0</run_address>
         <size>0x98</size>
         <input_file_ref idref="fl-11"/>
      </object_component>
      <object_component id="oc-562">
         <name>.text</name>
         <load_address>0x2000fc48</load_address>
         <run_address>0x2000fc48</run_address>
         <size>0x96</size>
         <input_file_ref idref="fl-e5"/>
      </object_component>
      <object_component id="oc-42c">
         <name>.text:clkFxn</name>
         <load_address>0x2000fcde</load_address>
         <run_address>0x2000fcde</run_address>
         <size>0x2</size>
         <input_file_ref idref="fl-1a"/>
      </object_component>
      <object_component id="oc-6f5">
         <name>.text:restoreNVICRegs</name>
         <load_address>0x2000fce0</load_address>
         <run_address>0x2000fce0</run_address>
         <size>0x90</size>
         <input_file_ref idref="fl-13"/>
      </object_component>
      <object_component id="oc-468">
         <name>.text:HwiP_construct</name>
         <load_address>0x2000fd70</load_address>
         <run_address>0x2000fd70</run_address>
         <size>0x8c</size>
         <input_file_ref idref="fl-1c"/>
      </object_component>
      <object_component id="oc-8ca">
         <name>.text:IntPendSet</name>
         <load_address>0x2000fdfc</load_address>
         <run_address>0x2000fdfc</run_address>
         <size>0x88</size>
         <input_file_ref idref="fl-23"/>
      </object_component>
      <object_component id="oc-302">
         <name>.text:PinConfigSet</name>
         <load_address>0x2000fe84</load_address>
         <run_address>0x2000fe84</run_address>
         <size>0x88</size>
         <input_file_ref idref="fl-24"/>
      </object_component>
      <object_component id="oc-867">
         <name>.text:TimerCC32XX_setPeriod</name>
         <load_address>0x2000ff0c</load_address>
         <run_address>0x2000ff0c</run_address>
         <size>0x88</size>
         <input_file_ref idref="fl-15"/>
      </object_component>
      <object_component id="oc-5fd">
         <name>.text:__aeabi_cdcmple</name>
         <load_address>0x2000ff94</load_address>
         <run_address>0x2000ff94</run_address>
         <size>0x86</size>
         <input_file_ref idref="fl-ee"/>
      </object_component>
      <object_component id="oc-794">
         <name>.text:__aeabi_cdrcmple</name>
         <load_address>0x2001001a</load_address>
         <run_address>0x2001001a</run_address>
         <size>0x86</size>
         <input_file_ref idref="fl-ee"/>
      </object_component>
      <object_component id="oc-1d3">
         <name>.text:Power_init</name>
         <load_address>0x200100a0</load_address>
         <run_address>0x200100a0</run_address>
         <size>0x84</size>
         <input_file_ref idref="fl-13"/>
      </object_component>
      <object_component id="oc-21d">
         <name>.text:reportUpdate</name>
         <load_address>0x20010124</load_address>
         <run_address>0x20010124</run_address>
         <size>0x84</size>
         <input_file_ref idref="fl-2"/>
      </object_component>
      <object_component id="oc-6ea">
         <name>.text:saveNVICRegs</name>
         <load_address>0x200101a8</load_address>
         <run_address>0x200101a8</run_address>
         <size>0x84</size>
         <input_file_ref idref="fl-13"/>
      </object_component>
      <object_component id="oc-308">
         <name>.text:Power_setDependency</name>
         <load_address>0x2001022c</load_address>
         <run_address>0x2001022c</run_address>
         <size>0x80</size>
         <input_file_ref idref="fl-13"/>
      </object_component>
      <object_component id="oc-a31">
         <name>.text:readIsrBinaryBlocking</name>
         <load_address>0x200102ac</load_address>
         <run_address>0x200102ac</run_address>
         <size>0x7c</size>
         <input_file_ref idref="fl-16"/>
      </object_component>
      <object_component id="oc-662">
         <name>.text:I2CCC32XX_primeReadBurst</name>
         <load_address>0x20010328</load_address>
         <run_address>0x20010328</run_address>
         <size>0x7a</size>
         <input_file_ref idref="fl-12"/>
      </object_component>
      <object_component id="oc-50a">
         <name>.text</name>
         <load_address>0x200103a2</load_address>
         <run_address>0x200103a2</run_address>
         <size>0x7a</size>
         <input_file_ref idref="fl-e0"/>
      </object_component>
      <object_component id="oc-9d">
         <name>.text</name>
         <load_address>0x2001041c</load_address>
         <run_address>0x2001041c</run_address>
         <size>0x7a</size>
         <input_file_ref idref="fl-f3"/>
      </object_component>
      <object_component id="oc-6d">
         <name>.text:defaultHandler</name>
         <load_address>0x20010496</load_address>
         <run_address>0x20010496</run_address>
         <size>0x2</size>
         <input_file_ref idref="fl-1e"/>
      </object_component>
      <object_component id="oc-32c">
         <name>.text:GPIO_hwiIntFxn</name>
         <load_address>0x20010498</load_address>
         <run_address>0x20010498</run_address>
         <size>0x78</size>
         <input_file_ref idref="fl-11"/>
      </object_component>
      <object_component id="oc-86d">
         <name>.text:TimerCC32XX_start</name>
         <load_address>0x20010510</load_address>
         <run_address>0x20010510</run_address>
         <size>0x78</size>
         <input_file_ref idref="fl-15"/>
      </object_component>
      <object_component id="oc-a43">
         <name>.text:readIsrBinaryCallback</name>
         <load_address>0x20010588</load_address>
         <run_address>0x20010588</run_address>
         <size>0x78</size>
         <input_file_ref idref="fl-16"/>
      </object_component>
      <object_component id="oc-931">
         <name>.text:UARTCC32XX_hwiIntFxn</name>
         <load_address>0x20010600</load_address>
         <run_address>0x20010600</run_address>
         <size>0x74</size>
         <input_file_ref idref="fl-16"/>
      </object_component>
      <object_component id="oc-731">
         <name>.text:split</name>
         <load_address>0x20010674</load_address>
         <run_address>0x20010674</run_address>
         <size>0x70</size>
         <input_file_ref idref="fl-e9"/>
      </object_component>
      <object_component id="oc-7b4">
         <name>.text:_mcpy</name>
         <load_address>0x200106e4</load_address>
         <run_address>0x200106e4</run_address>
         <size>0x6e</size>
         <input_file_ref idref="fl-eb"/>
      </object_component>
      <object_component id="oc-695">
         <name>.text:I2CSupport_primeTransfer</name>
         <load_address>0x20010752</load_address>
         <run_address>0x20010752</run_address>
         <size>0x6a</size>
         <input_file_ref idref="fl-12"/>
      </object_component>
      <object_component id="oc-14">
         <name>.text:decompress:lzss:__TI_decompress_lzss</name>
         <load_address>0x200107bc</load_address>
         <run_address>0x200107bc</run_address>
         <size>0x68</size>
         <input_file_ref idref="fl-e8"/>
      </object_component>
      <object_component id="oc-773">
         <name>.text:UARTCC32XX_writeCancel</name>
         <load_address>0x20010824</load_address>
         <run_address>0x20010824</run_address>
         <size>0x66</size>
         <input_file_ref idref="fl-16"/>
      </object_component>
      <object_component id="oc-67">
         <name>.text:faultISR</name>
         <load_address>0x2001088a</load_address>
         <run_address>0x2001088a</run_address>
         <size>0x2</size>
         <input_file_ref idref="fl-1e"/>
      </object_component>
      <object_component id="oc-456">
         <name>.text:PowerCC32XX_setParkState</name>
         <load_address>0x2001088c</load_address>
         <run_address>0x2001088c</run_address>
         <size>0x64</size>
         <input_file_ref idref="fl-13"/>
      </object_component>
      <object_component id="oc-76d">
         <name>.text:UARTCC32XX_writePolling</name>
         <load_address>0x200108f0</load_address>
         <run_address>0x200108f0</run_address>
         <size>0x62</size>
         <input_file_ref idref="fl-16"/>
      </object_component>
      <object_component id="oc-61">
         <name>.text:nmiISR</name>
         <load_address>0x20010952</load_address>
         <run_address>0x20010952</run_address>
         <size>0x2</size>
         <input_file_ref idref="fl-1e"/>
      </object_component>
      <object_component id="oc-284">
         <name>.text:PRCMSysResetCauseGet</name>
         <load_address>0x20010954</load_address>
         <run_address>0x20010954</run_address>
         <size>0x60</size>
         <input_file_ref idref="fl-25"/>
      </object_component>
      <object_component id="oc-1f3">
         <name>.text:GPIO_setCallback</name>
         <load_address>0x200109b4</load_address>
         <run_address>0x200109b4</run_address>
         <size>0x5c</size>
         <input_file_ref idref="fl-11"/>
      </object_component>
      <object_component id="oc-7c9">
         <name>.text:frexp</name>
         <load_address>0x20010a10</load_address>
         <run_address>0x20010a10</run_address>
         <size>0x5c</size>
         <input_file_ref idref="fl-102"/>
      </object_component>
      <object_component id="oc-88a">
         <name>.text:sysTickInit</name>
         <load_address>0x20010a6c</load_address>
         <run_address>0x20010a6c</run_address>
         <size>0x5c</size>
         <input_file_ref idref="fl-1b"/>
      </object_component>
      <object_component id="oc-1ed">
         <name>.text:GPIO_write</name>
         <load_address>0x20010ac8</load_address>
         <run_address>0x20010ac8</run_address>
         <size>0x58</size>
         <input_file_ref idref="fl-11"/>
      </object_component>
      <object_component id="oc-29d">
         <name>.text:PRCMPeripheralReset</name>
         <load_address>0x20010b20</load_address>
         <run_address>0x20010b20</run_address>
         <size>0x58</size>
         <input_file_ref idref="fl-25"/>
      </object_component>
      <object_component id="oc-8e9">
         <name>.text:Power_releaseDependency</name>
         <load_address>0x20010b78</load_address>
         <run_address>0x20010b78</run_address>
         <size>0x58</size>
         <input_file_ref idref="fl-13"/>
      </object_component>
      <object_component id="oc-873">
         <name>.text:TimerCC32XX_stop</name>
         <load_address>0x20010bd0</load_address>
         <run_address>0x20010bd0</run_address>
         <size>0x56</size>
         <input_file_ref idref="fl-15"/>
      </object_component>
      <object_component id="oc-608">
         <name>.text:_pconv_f</name>
         <load_address>0x20010c26</load_address>
         <run_address>0x20010c26</run_address>
         <size>0x56</size>
         <input_file_ref idref="fl-eb"/>
      </object_component>
      <object_component id="oc-79e">
         <name>.text:__TI_ltoa</name>
         <load_address>0x20010c7c</load_address>
         <run_address>0x20010c7c</run_address>
         <size>0x54</size>
         <input_file_ref idref="fl-f9"/>
      </object_component>
      <object_component id="oc-20b">
         <name>.text:initTimer</name>
         <load_address>0x20010cd0</load_address>
         <run_address>0x20010cd0</run_address>
         <size>0x54</size>
         <input_file_ref idref="fl-2"/>
      </object_component>
      <object_component id="oc-abe">
         <name>.text:ringBufGet</name>
         <load_address>0x20010d24</load_address>
         <run_address>0x20010d24</run_address>
         <size>0x54</size>
         <input_file_ref idref="fl-16"/>
      </object_component>
      <object_component id="oc-8a7">
         <name>.text:PowerCC32XX_resumeLPDS</name>
         <load_address>0x20010d78</load_address>
         <run_address>0x20010d78</run_address>
         <size>0x52</size>
         <input_file_ref idref="fl-14"/>
      </object_component>
      <object_component id="oc-7ae">
         <name>.text:_ecpy</name>
         <load_address>0x20010dca</load_address>
         <run_address>0x20010dca</run_address>
         <size>0x52</size>
         <input_file_ref idref="fl-eb"/>
      </object_component>
      <object_component id="oc-9be">
         <name>.text:initHw</name>
         <load_address>0x20010e1c</load_address>
         <run_address>0x20010e1c</run_address>
         <size>0x52</size>
         <input_file_ref idref="fl-15"/>
      </object_component>
      <object_component id="oc-6d8">
         <name>.text</name>
         <load_address>0x20010e6e</load_address>
         <run_address>0x20010e6e</run_address>
         <size>0x2</size>
         <input_file_ref idref="fl-ec"/>
      </object_component>
      <object_component id="oc-79">
         <name>.text:ClockP_sysTickHandler</name>
         <load_address>0x20010e70</load_address>
         <run_address>0x20010e70</run_address>
         <size>0x50</size>
         <input_file_ref idref="fl-1b"/>
      </object_component>
      <object_component id="oc-588">
         <name>.text:SemaphoreP_construct</name>
         <load_address>0x20010ec0</load_address>
         <run_address>0x20010ec0</run_address>
         <size>0x50</size>
         <input_file_ref idref="fl-1a"/>
      </object_component>
      <object_component id="oc-9b2">
         <name>.text:TimerCC32XX_allocateTimerResource</name>
         <load_address>0x20010f10</load_address>
         <run_address>0x20010f10</run_address>
         <size>0x50</size>
         <input_file_ref idref="fl-15"/>
      </object_component>
      <object_component id="oc-1f9">
         <name>.text:GPIO_enableInt</name>
         <load_address>0x20010f60</load_address>
         <run_address>0x20010f60</run_address>
         <size>0x4c</size>
         <input_file_ref idref="fl-11"/>
      </object_component>
      <object_component id="oc-656">
         <name>.text:I2CCC32XX_readRecieveFifo</name>
         <load_address>0x20010fac</load_address>
         <run_address>0x20010fac</run_address>
         <size>0x4c</size>
         <input_file_ref idref="fl-12"/>
      </object_component>
      <object_component id="oc-89e">
         <name>.text:PowerCC32XX_parkPin</name>
         <load_address>0x20010ff8</load_address>
         <run_address>0x20010ff8</run_address>
         <size>0x4c</size>
         <input_file_ref idref="fl-13"/>
      </object_component>
      <object_component id="oc-5f1">
         <name>.text:atoi</name>
         <load_address>0x20011044</load_address>
         <run_address>0x20011044</run_address>
         <size>0x4c</size>
         <input_file_ref idref="fl-fb"/>
      </object_component>
      <object_component id="oc-6fb">
         <name>.text:restorePeriphClocks</name>
         <load_address>0x20011090</load_address>
         <run_address>0x20011090</run_address>
         <size>0x4c</size>
         <input_file_ref idref="fl-13"/>
      </object_component>
      <object_component id="oc-351">
         <name>.text:snprintf</name>
         <load_address>0x200110dc</load_address>
         <run_address>0x200110dc</run_address>
         <size>0x4c</size>
         <input_file_ref idref="fl-df"/>
      </object_component>
      <object_component id="oc-8c2">
         <name>.text:FlashDisable</name>
         <load_address>0x20011128</load_address>
         <run_address>0x20011128</run_address>
         <size>0x48</size>
         <input_file_ref idref="fl-29"/>
      </object_component>
      <object_component id="oc-707">
         <name>.text:PRCMLPDSEnter</name>
         <load_address>0x20011170</load_address>
         <run_address>0x20011170</run_address>
         <size>0x48</size>
         <input_file_ref idref="fl-25"/>
      </object_component>
      <object_component id="oc-297">
         <name>.text:PRCMPeripheralClkEnable</name>
         <load_address>0x200111b8</load_address>
         <run_address>0x200111b8</run_address>
         <size>0x48</size>
         <input_file_ref idref="fl-25"/>
      </object_component>
      <object_component id="oc-81e">
         <name>.text:Power_releaseConstraint</name>
         <load_address>0x20011200</load_address>
         <run_address>0x20011200</run_address>
         <size>0x48</size>
         <input_file_ref idref="fl-13"/>
      </object_component>
      <object_component id="oc-799">
         <name>.text</name>
         <load_address>0x20011248</load_address>
         <run_address>0x20011248</run_address>
         <size>0x48</size>
         <input_file_ref idref="fl-f1"/>
      </object_component>
      <object_component id="oc-aab">
         <name>.text:RingBuf_put</name>
         <load_address>0x20011290</load_address>
         <run_address>0x20011290</run_address>
         <size>0x46</size>
         <input_file_ref idref="fl-18"/>
      </object_component>
      <object_component id="oc-9b8">
         <name>.text:getPrescaler</name>
         <load_address>0x200112d6</load_address>
         <run_address>0x200112d6</run_address>
         <size>0x46</size>
         <input_file_ref idref="fl-15"/>
      </object_component>
      <object_component id="oc-5b0">
         <name>.text:ClockP_stop</name>
         <load_address>0x2001131c</load_address>
         <run_address>0x2001131c</run_address>
         <size>0x44</size>
         <input_file_ref idref="fl-1b"/>
      </object_component>
      <object_component id="oc-8ac">
         <name>.text:PRCMLPDSRestoreInfoSet</name>
         <load_address>0x20011360</load_address>
         <run_address>0x20011360</run_address>
         <size>0x44</size>
         <input_file_ref idref="fl-25"/>
      </object_component>
      <object_component id="oc-6f0">
         <name>.text:PowerCC32XX_enterLPDS</name>
         <load_address>0x200113a4</load_address>
         <run_address>0x200113a4</run_address>
         <size>0x44</size>
         <input_file_ref idref="fl-14"/>
      </object_component>
      <object_component id="oc-2e8">
         <name>.text:SemaphoreP_post</name>
         <load_address>0x200113e8</load_address>
         <run_address>0x200113e8</run_address>
         <size>0x44</size>
         <input_file_ref idref="fl-1a"/>
      </object_component>
      <object_component id="oc-578">
         <name>.text:SwiP_restore</name>
         <load_address>0x2001142c</load_address>
         <run_address>0x2001142c</run_address>
         <size>0x44</size>
         <input_file_ref idref="fl-1f"/>
      </object_component>
      <object_component id="oc-37e">
         <name>.text:Timer_init</name>
         <load_address>0x20011470</load_address>
         <run_address>0x20011470</run_address>
         <size>0x44</size>
         <input_file_ref idref="fl-f"/>
      </object_component>
      <object_component id="oc-33d">
         <name>.text:UART_init</name>
         <load_address>0x200114b4</load_address>
         <run_address>0x200114b4</run_address>
         <size>0x44</size>
         <input_file_ref idref="fl-10"/>
      </object_component>
      <object_component id="oc-172">
         <name>.text:__TI_auto_init_nobinit_nopinit:__TI_auto_init_nobinit_nopinit</name>
         <load_address>0x200114f8</load_address>
         <run_address>0x200114f8</run_address>
         <size>0x44</size>
         <input_file_ref idref="fl-f4"/>
      </object_component>
      <object_component id="oc-1ff">
         <name>.text:initUART</name>
         <load_address>0x2001153c</load_address>
         <run_address>0x2001153c</run_address>
         <size>0x44</size>
         <input_file_ref idref="fl-2"/>
      </object_component>
      <object_component id="oc-a20">
         <name>.text:ClockP_construct</name>
         <load_address>0x20011580</load_address>
         <run_address>0x20011580</run_address>
         <size>0x40</size>
         <input_file_ref idref="fl-1b"/>
      </object_component>
      <object_component id="oc-2af">
         <name>.text:PinModeSet</name>
         <load_address>0x200115c0</load_address>
         <run_address>0x200115c0</run_address>
         <size>0x40</size>
         <input_file_ref idref="fl-24"/>
      </object_component>
      <object_component id="oc-94b">
         <name>.text:RingBuf_get</name>
         <load_address>0x20011600</load_address>
         <run_address>0x20011600</run_address>
         <size>0x40</size>
         <input_file_ref idref="fl-18"/>
      </object_component>
      <object_component id="oc-38a">
         <name>.text:Timer_open</name>
         <load_address>0x20011640</load_address>
         <run_address>0x20011640</run_address>
         <size>0x40</size>
         <input_file_ref idref="fl-f"/>
      </object_component>
      <object_component id="oc-755">
         <name>.text:UARTCC32XX_read</name>
         <load_address>0x20011680</load_address>
         <run_address>0x20011680</run_address>
         <size>0x40</size>
         <input_file_ref idref="fl-16"/>
      </object_component>
      <object_component id="oc-349">
         <name>.text:UART_open</name>
         <load_address>0x200116c0</load_address>
         <run_address>0x200116c0</run_address>
         <size>0x40</size>
         <input_file_ref idref="fl-10"/>
      </object_component>
      <object_component id="oc-7c1">
         <name>.text:_fcpy</name>
         <load_address>0x20011700</load_address>
         <run_address>0x20011700</run_address>
         <size>0x3e</size>
         <input_file_ref idref="fl-eb"/>
      </object_component>
      <object_component id="oc-426">
         <name>.text:ClockP_destruct</name>
         <load_address>0x20011740</load_address>
         <run_address>0x20011740</run_address>
         <size>0x3c</size>
         <input_file_ref idref="fl-1b"/>
      </object_component>
      <object_component id="oc-825">
         <name>.text:Power_setConstraint</name>
         <load_address>0x2001177c</load_address>
         <run_address>0x2001177c</run_address>
         <size>0x3c</size>
         <input_file_ref idref="fl-13"/>
      </object_component>
      <object_component id="oc-849">
         <name>.text:TimerCC32XX_close</name>
         <load_address>0x200117b8</load_address>
         <run_address>0x200117b8</run_address>
         <size>0x3a</size>
         <input_file_ref idref="fl-15"/>
      </object_component>
      <object_component id="oc-55c">
         <name>.text:getCountsRTC</name>
         <load_address>0x200117f2</load_address>
         <run_address>0x200117f2</run_address>
         <size>0x3a</size>
         <input_file_ref idref="fl-1d"/>
      </object_component>
      <object_component id="oc-70d">
         <name>.text:PRCMLPDSEnterKeepDebugIf</name>
         <load_address>0x2001182c</load_address>
         <run_address>0x2001182c</run_address>
         <size>0x38</size>
         <input_file_ref idref="fl-25"/>
      </object_component>
      <object_component id="oc-9ca">
         <name>.text:TimerCC32XX_hwiIntFunction</name>
         <load_address>0x20011864</load_address>
         <run_address>0x20011864</run_address>
         <size>0x38</size>
         <input_file_ref idref="fl-15"/>
      </object_component>
      <object_component id="oc-db">
         <name>.text:addToList</name>
         <load_address>0x2001189c</load_address>
         <run_address>0x2001189c</run_address>
         <size>0x38</size>
         <input_file_ref idref="fl-1b"/>
      </object_component>
      <object_component id="oc-211">
         <name>.text:buttonPress</name>
         <load_address>0x200118d4</load_address>
         <run_address>0x200118d4</run_address>
         <size>0x38</size>
         <input_file_ref idref="fl-2"/>
      </object_component>
      <object_component id="oc-59">
         <name>.text:initVectors</name>
         <load_address>0x2001190c</load_address>
         <run_address>0x2001190c</run_address>
         <size>0x38</size>
         <input_file_ref idref="fl-1e"/>
      </object_component>
      <object_component id="oc-6de">
         <name>.text:notify</name>
         <load_address>0x20011944</load_address>
         <run_address>0x20011944</run_address>
         <size>0x38</size>
         <input_file_ref idref="fl-13"/>
      </object_component>
      <object_component id="oc-50f">
         <name>.text</name>
         <load_address>0x2001197c</load_address>
         <run_address>0x2001197c</run_address>
         <size>0x38</size>
         <input_file_ref idref="fl-e1"/>
      </object_component>
      <object_component id="oc-505">
         <name>.text</name>
         <load_address>0x200119b4</load_address>
         <run_address>0x200119b4</run_address>
         <size>0x38</size>
         <input_file_ref idref="fl-e2"/>
      </object_component>
      <object_component id="oc-a89">
         <name>.text:TimerControlStall</name>
         <load_address>0x200119ec</load_address>
         <run_address>0x200119ec</run_address>
         <size>0x36</size>
         <input_file_ref idref="fl-26"/>
      </object_component>
      <object_component id="oc-761">
         <name>.text:UARTCC32XX_readCancel</name>
         <load_address>0x20011a22</load_address>
         <run_address>0x20011a22</run_address>
         <size>0x36</size>
         <input_file_ref idref="fl-16"/>
      </object_component>
      <object_component id="oc-54a">
         <name>.text:ClockP_getTicksUntilInterrupt</name>
         <load_address>0x20011a58</load_address>
         <run_address>0x20011a58</run_address>
         <size>0x34</size>
         <input_file_ref idref="fl-1b"/>
      </object_component>
      <object_component id="oc-6cf">
         <name>.text:ClockP_startup</name>
         <load_address>0x20011a8c</load_address>
         <run_address>0x20011a8c</run_address>
         <size>0x34</size>
         <input_file_ref idref="fl-1b"/>
      </object_component>
      <object_component id="oc-2a9">
         <name>.text:PinModeGet</name>
         <load_address>0x20011ac0</load_address>
         <run_address>0x20011ac0</run_address>
         <size>0x34</size>
         <input_file_ref idref="fl-24"/>
      </object_component>
      <object_component id="oc-8ef">
         <name>.text:PowerCC32XX_restoreParkState</name>
         <load_address>0x20011af4</load_address>
         <run_address>0x20011af4</run_address>
         <size>0x34</size>
         <input_file_ref idref="fl-13"/>
      </object_component>
      <object_component id="oc-9a8">
         <name>.text:TimerCC32XX_freeTimerResource</name>
         <load_address>0x20011b28</load_address>
         <run_address>0x20011b28</run_address>
         <size>0x34</size>
         <input_file_ref idref="fl-15"/>
      </object_component>
      <object_component id="oc-a7d">
         <name>.text:getPowerMgrId</name>
         <load_address>0x20011b5c</load_address>
         <run_address>0x20011b5c</run_address>
         <size>0x34</size>
         <input_file_ref idref="fl-15"/>
      </object_component>
      <object_component id="oc-217">
         <name>.text:updateTemp</name>
         <load_address>0x20011b90</load_address>
         <run_address>0x20011b90</run_address>
         <size>0x34</size>
         <input_file_ref idref="fl-2"/>
      </object_component>
      <object_component id="oc-414">
         <name>.text:ClockP_start</name>
         <load_address>0x20011bc4</load_address>
         <run_address>0x20011bc4</run_address>
         <size>0x30</size>
         <input_file_ref idref="fl-1b"/>
      </object_component>
      <object_component id="oc-8bb">
         <name>.text:PowerCC32XX_restoreParkedPin</name>
         <load_address>0x20011bf4</load_address>
         <run_address>0x20011bf4</run_address>
         <size>0x30</size>
         <input_file_ref idref="fl-13"/>
      </object_component>
      <object_component id="oc-49d">
         <name>.text:_outs</name>
         <load_address>0x20011c24</load_address>
         <run_address>0x20011c24</run_address>
         <size>0x30</size>
         <input_file_ref idref="fl-df"/>
      </object_component>
      <object_component id="oc-7a4">
         <name>.text</name>
         <load_address>0x20011c54</load_address>
         <run_address>0x20011c54</run_address>
         <size>0x2e</size>
         <input_file_ref idref="fl-f2"/>
      </object_component>
      <object_component id="oc-910">
         <name>.text:PowerCC32XX_getParkState</name>
         <load_address>0x20011c84</load_address>
         <run_address>0x20011c84</run_address>
         <size>0x2c</size>
         <input_file_ref idref="fl-13"/>
      </object_component>
      <object_component id="oc-314">
         <name>.text:HwiP_create</name>
         <load_address>0x20011cb0</load_address>
         <run_address>0x20011cb0</run_address>
         <size>0x2a</size>
         <input_file_ref idref="fl-1c"/>
      </object_component>
      <object_component id="oc-9d7">
         <name>.text:TimerLoadSet</name>
         <load_address>0x20011cda</load_address>
         <run_address>0x20011cda</run_address>
         <size>0x2a</size>
         <input_file_ref idref="fl-26"/>
      </object_component>
      <object_component id="oc-9d1">
         <name>.text:TimerPrescaleSet</name>
         <load_address>0x20011d04</load_address>
         <run_address>0x20011d04</run_address>
         <size>0x2a</size>
         <input_file_ref idref="fl-26"/>
      </object_component>
      <object_component id="oc-66e">
         <name>.text:I2CFIFODataPutNonBlocking</name>
         <load_address>0x20011d2e</load_address>
         <run_address>0x20011d2e</run_address>
         <size>0x28</size>
         <input_file_ref idref="fl-22"/>
      </object_component>
      <object_component id="oc-2a3">
         <name>.text:PRCMPeripheralClkDisable</name>
         <load_address>0x20011d58</load_address>
         <run_address>0x20011d58</run_address>
         <size>0x28</size>
         <input_file_ref idref="fl-25"/>
      </object_component>
      <object_component id="oc-2e2">
         <name>.text:Power_registerNotify</name>
         <load_address>0x20011d80</load_address>
         <run_address>0x20011d80</run_address>
         <size>0x28</size>
         <input_file_ref idref="fl-13"/>
      </object_component>
      <object_component id="oc-5a8">
         <name>.text:free_list_insert</name>
         <load_address>0x20011da8</load_address>
         <run_address>0x20011da8</run_address>
         <size>0x28</size>
         <input_file_ref idref="fl-e9"/>
      </object_component>
      <object_component id="oc-7fa">
         <name>.text:I2CFIFODataGetNonBlocking</name>
         <load_address>0x20011dd0</load_address>
         <run_address>0x20011dd0</run_address>
         <size>0x26</size>
         <input_file_ref idref="fl-22"/>
      </object_component>
      <object_component id="oc-6a1">
         <name>.text:I2C_cancel</name>
         <load_address>0x20011df6</load_address>
         <run_address>0x20011df6</run_address>
         <size>0x26</size>
         <input_file_ref idref="fl-e"/>
      </object_component>
      <object_component id="oc-436">
         <name>.text:List_put</name>
         <load_address>0x20011e1c</load_address>
         <run_address>0x20011e1c</run_address>
         <size>0x26</size>
         <input_file_ref idref="fl-17"/>
      </object_component>
      <object_component id="oc-a10">
         <name>.text:List_remove</name>
         <load_address>0x20011e42</load_address>
         <run_address>0x20011e42</run_address>
         <size>0x26</size>
         <input_file_ref idref="fl-17"/>
      </object_component>
      <object_component id="oc-5d0">
         <name>.text:HwiP_dispatch</name>
         <load_address>0x20011e68</load_address>
         <run_address>0x20011e68</run_address>
         <size>0x24</size>
         <input_file_ref idref="fl-1c"/>
      </object_component>
      <object_component id="oc-90a">
         <name>.text:PowerCC32XX_reset</name>
         <load_address>0x20011e8c</load_address>
         <run_address>0x20011e8c</run_address>
         <size>0x24</size>
         <input_file_ref idref="fl-13"/>
      </object_component>
      <object_component id="oc-c5">
         <name>.text:_c_int00_noargs:_c_int00_noargs</name>
         <load_address>0x20011eb0</load_address>
         <run_address>0x20011eb0</run_address>
         <size>0x24</size>
         <input_file_ref idref="fl-ea"/>
      </object_component>
      <object_component id="oc-802">
         <name>.text:I2CMasterSlaveAddrSet</name>
         <load_address>0x20011ed4</load_address>
         <run_address>0x20011ed4</run_address>
         <size>0x22</size>
         <input_file_ref idref="fl-22"/>
      </object_component>
      <object_component id="oc-a08">
         <name>.text:HwiP_destruct</name>
         <load_address>0x20011ef6</load_address>
         <run_address>0x20011ef6</run_address>
         <size>0x20</size>
         <input_file_ref idref="fl-1c"/>
      </object_component>
      <object_component id="oc-8e3">
         <name>.text:Power_unregisterNotify</name>
         <load_address>0x20011f18</load_address>
         <run_address>0x20011f18</run_address>
         <size>0x20</size>
         <input_file_ref idref="fl-13"/>
      </object_component>
      <object_component id="oc-8f6">
         <name>.text:RingBuf_peek</name>
         <load_address>0x20011f38</load_address>
         <run_address>0x20011f38</run_address>
         <size>0x20</size>
         <input_file_ref idref="fl-18"/>
      </object_component>
      <object_component id="oc-904">
         <name>.text:getPowerMgrId</name>
         <load_address>0x20011f58</load_address>
         <run_address>0x20011f58</run_address>
         <size>0x20</size>
         <input_file_ref idref="fl-16"/>
      </object_component>
      <object_component id="oc-64a">
         <name>.text:I2CMasterIntStatusEx</name>
         <load_address>0x20011f78</load_address>
         <run_address>0x20011f78</run_address>
         <size>0x1e</size>
         <input_file_ref idref="fl-22"/>
      </object_component>
      <object_component id="oc-4c6">
         <name>.text:SemaphoreP_constructBinary</name>
         <load_address>0x20011f96</load_address>
         <run_address>0x20011f96</run_address>
         <size>0x1e</size>
         <input_file_ref idref="fl-1a"/>
      </object_component>
      <object_component id="oc-9eb">
         <name>.text:TimerDisable</name>
         <load_address>0x20011fb4</load_address>
         <run_address>0x20011fb4</run_address>
         <size>0x1e</size>
         <input_file_ref idref="fl-26"/>
      </object_component>
      <object_component id="oc-9e4">
         <name>.text:TimerEnable</name>
         <load_address>0x20011fd2</load_address>
         <run_address>0x20011fd2</run_address>
         <size>0x1e</size>
         <input_file_ref idref="fl-26"/>
      </object_component>
      <object_component id="oc-898">
         <name>.text:PinToPadGet</name>
         <load_address>0x20011ff0</load_address>
         <run_address>0x20011ff0</run_address>
         <size>0x1c</size>
         <input_file_ref idref="fl-24"/>
      </object_component>
      <object_component id="oc-53e">
         <name>.text:SwiP_disable</name>
         <load_address>0x2001200c</load_address>
         <run_address>0x2001200c</run_address>
         <size>0x1c</size>
         <input_file_ref idref="fl-1f"/>
      </object_component>
      <object_component id="oc-47">
         <name>.text:decompress:ZI:__TI_zero_init_nomemset:__TI_zero_init_nomemset</name>
         <load_address>0x20012028</load_address>
         <run_address>0x20012028</run_address>
         <size>0x1c</size>
         <input_file_ref idref="fl-e6"/>
      </object_component>
      <object_component id="oc-5a2">
         <name>.text:free_list_remove</name>
         <load_address>0x20012044</load_address>
         <run_address>0x20012044</run_address>
         <size>0x1c</size>
         <input_file_ref idref="fl-e9"/>
      </object_component>
      <object_component id="oc-61a">
         <name>.text:memccpy</name>
         <load_address>0x20012060</load_address>
         <run_address>0x20012060</run_address>
         <size>0x1c</size>
         <input_file_ref idref="fl-fd"/>
      </object_component>
      <object_component id="oc-91c">
         <name>.text:ClockP_create</name>
         <load_address>0x2001207c</load_address>
         <run_address>0x2001207c</run_address>
         <size>0x1a</size>
         <input_file_ref idref="fl-1b"/>
      </object_component>
      <object_component id="oc-2c4">
         <name>.text:SemaphoreP_createBinary</name>
         <load_address>0x20012096</load_address>
         <run_address>0x20012096</run_address>
         <size>0x1a</size>
         <input_file_ref idref="fl-1a"/>
      </object_component>
      <object_component id="oc-21">
         <name>.text:resetISR</name>
         <load_address>0x200120b0</load_address>
         <run_address>0x200120b0</run_address>
         <size>0x1a</size>
         <input_file_ref idref="fl-1e"/>
      </object_component>
      <object_component id="oc-839">
         <name>.text:I2CMasterBusBusy</name>
         <load_address>0x200120ca</load_address>
         <run_address>0x200120ca</run_address>
         <size>0x18</size>
         <input_file_ref idref="fl-22"/>
      </object_component>
      <object_component id="oc-65c">
         <name>.text:I2CMasterIntDisableEx</name>
         <load_address>0x200120e2</load_address>
         <run_address>0x200120e2</run_address>
         <size>0x18</size>
         <input_file_ref idref="fl-22"/>
      </object_component>
      <object_component id="oc-814">
         <name>.text:I2CMasterIntEnableEx</name>
         <load_address>0x200120fa</load_address>
         <run_address>0x200120fa</run_address>
         <size>0x18</size>
         <input_file_ref idref="fl-22"/>
      </object_component>
      <object_component id="oc-833">
         <name>.text:I2CRxFIFOFlush</name>
         <load_address>0x20012112</load_address>
         <run_address>0x20012112</run_address>
         <size>0x18</size>
         <input_file_ref idref="fl-22"/>
      </object_component>
      <object_component id="oc-82d">
         <name>.text:I2CTxFIFOFlush</name>
         <load_address>0x2001212a</load_address>
         <run_address>0x2001212a</run_address>
         <size>0x18</size>
         <input_file_ref idref="fl-22"/>
      </object_component>
      <object_component id="oc-550">
         <name>.text:Power_getTransitionLatency</name>
         <load_address>0x20012144</load_address>
         <run_address>0x20012144</run_address>
         <size>0x18</size>
         <input_file_ref idref="fl-13"/>
      </object_component>
      <object_component id="oc-720">
         <name>.text:Power_idleFunc</name>
         <load_address>0x2001215c</load_address>
         <run_address>0x2001215c</run_address>
         <size>0x18</size>
         <input_file_ref idref="fl-13"/>
      </object_component>
      <object_component id="oc-855">
         <name>.text:TimerCC32XX_getCount</name>
         <load_address>0x20012174</load_address>
         <run_address>0x20012174</run_address>
         <size>0x18</size>
         <input_file_ref idref="fl-15"/>
      </object_component>
      <object_component id="oc-9f1">
         <name>.text:TimerIntDisable</name>
         <load_address>0x2001218c</load_address>
         <run_address>0x2001218c</run_address>
         <size>0x18</size>
         <input_file_ref idref="fl-26"/>
      </object_component>
      <object_component id="oc-9de">
         <name>.text:TimerIntEnable</name>
         <load_address>0x200121a4</load_address>
         <run_address>0x200121a4</run_address>
         <size>0x18</size>
         <input_file_ref idref="fl-26"/>
      </object_component>
      <object_component id="oc-953">
         <name>.text:UARTBusy</name>
         <load_address>0x200121bc</load_address>
         <run_address>0x200121bc</run_address>
         <size>0x18</size>
         <input_file_ref idref="fl-27"/>
      </object_component>
      <object_component id="oc-a64">
         <name>.text:UARTIntEnable</name>
         <load_address>0x200121d4</load_address>
         <run_address>0x200121d4</run_address>
         <size>0x18</size>
         <input_file_ref idref="fl-27"/>
      </object_component>
      <object_component id="oc-343">
         <name>.text:UART_Params_init</name>
         <load_address>0x200121ec</load_address>
         <run_address>0x200121ec</run_address>
         <size>0x18</size>
         <input_file_ref idref="fl-10"/>
      </object_component>
      <object_component id="oc-4a3">
         <name>.text:_outc</name>
         <load_address>0x20012204</load_address>
         <run_address>0x20012204</run_address>
         <size>0x18</size>
         <input_file_ref idref="fl-df"/>
      </object_component>
      <object_component id="oc-223">
         <name>.text:gpioButtonFxn0</name>
         <load_address>0x2001221c</load_address>
         <run_address>0x2001221c</run_address>
         <size>0x18</size>
         <input_file_ref idref="fl-2"/>
      </object_component>
      <object_component id="oc-229">
         <name>.text:gpioButtonFxn1</name>
         <load_address>0x20012234</load_address>
         <run_address>0x20012234</run_address>
         <size>0x18</size>
         <input_file_ref idref="fl-2"/>
      </object_component>
      <object_component id="oc-56d">
         <name>.text</name>
         <load_address>0x2001224c</load_address>
         <run_address>0x2001224c</run_address>
         <size>0x18</size>
         <input_file_ref idref="fl-e3"/>
      </object_component>
      <object_component id="oc-396">
         <name>.text:timerCallback</name>
         <load_address>0x20012264</load_address>
         <run_address>0x20012264</run_address>
         <size>0x18</size>
         <input_file_ref idref="fl-2"/>
      </object_component>
      <object_component id="oc-80e">
         <name>.text:I2CMasterBurstLengthSet</name>
         <load_address>0x2001227c</load_address>
         <run_address>0x2001227c</run_address>
         <size>0x16</size>
         <input_file_ref idref="fl-22"/>
      </object_component>
      <object_component id="oc-291">
         <name>.text:PRCMHIBRegRead</name>
         <load_address>0x20012292</load_address>
         <run_address>0x20012292</run_address>
         <size>0x16</size>
         <input_file_ref idref="fl-25"/>
      </object_component>
      <object_component id="oc-28b">
         <name>.text:PRCMHIBRegWrite</name>
         <load_address>0x200122a8</load_address>
         <run_address>0x200122a8</run_address>
         <size>0x16</size>
         <input_file_ref idref="fl-25"/>
      </object_component>
      <object_component id="oc-3fc">
         <name>.text:SemaphoreP_create</name>
         <load_address>0x200122be</load_address>
         <run_address>0x200122be</run_address>
         <size>0x16</size>
         <input_file_ref idref="fl-1a"/>
      </object_component>
      <object_component id="oc-7d5">
         <name>.text:strchr</name>
         <load_address>0x200122d4</load_address>
         <run_address>0x200122d4</run_address>
         <size>0x16</size>
         <input_file_ref idref="fl-fe"/>
      </object_component>
      <object_component id="oc-a3">
         <name>.text:CPUcpsid</name>
         <load_address>0x200122ea</load_address>
         <run_address>0x200122ea</run_address>
         <size>0x14</size>
         <input_file_ref idref="fl-21"/>
      </object_component>
      <object_component id="oc-43d">
         <name>.text:HwiP_inISR</name>
         <load_address>0x20012300</load_address>
         <run_address>0x20012300</run_address>
         <size>0x14</size>
         <input_file_ref idref="fl-1c"/>
      </object_component>
      <object_component id="oc-841">
         <name>.text:I2CSupport_masterFinish</name>
         <load_address>0x20012314</load_address>
         <run_address>0x20012314</run_address>
         <size>0x14</size>
         <input_file_ref idref="fl-12"/>
      </object_component>
      <object_component id="oc-36f">
         <name>.text:I2C_transfer</name>
         <load_address>0x20012328</load_address>
         <run_address>0x20012328</run_address>
         <size>0x14</size>
         <input_file_ref idref="fl-e"/>
      </object_component>
      <object_component id="oc-af">
         <name>.text:IntVTableBaseSet</name>
         <load_address>0x2001233c</load_address>
         <run_address>0x2001233c</run_address>
         <size>0x14</size>
         <input_file_ref idref="fl-23"/>
      </object_component>
      <object_component id="oc-443">
         <name>.text:Power_disablePolicy</name>
         <load_address>0x20012350</load_address>
         <run_address>0x20012350</run_address>
         <size>0x14</size>
         <input_file_ref idref="fl-13"/>
      </object_component>
      <object_component id="oc-8b4">
         <name>.text:Power_getDependencyCount</name>
         <load_address>0x20012364</load_address>
         <run_address>0x20012364</run_address>
         <size>0x14</size>
         <input_file_ref idref="fl-13"/>
      </object_component>
      <object_component id="oc-a5e">
         <name>.text:releasePowerConstraint</name>
         <load_address>0x20012378</load_address>
         <run_address>0x20012378</run_address>
         <size>0x14</size>
         <input_file_ref idref="fl-16"/>
      </object_component>
      <object_component id="oc-5eb">
         <name>.text:strlen</name>
         <load_address>0x2001238c</load_address>
         <run_address>0x2001238c</run_address>
         <size>0x14</size>
         <input_file_ref idref="fl-ff"/>
      </object_component>
      <object_component id="oc-30e">
         <name>.text:HwiP_Params_init</name>
         <load_address>0x200123a0</load_address>
         <run_address>0x200123a0</run_address>
         <size>0x12</size>
         <input_file_ref idref="fl-1c"/>
      </object_component>
      <object_component id="oc-650">
         <name>.text:I2CMasterIntClearEx</name>
         <load_address>0x200123b2</load_address>
         <run_address>0x200123b2</run_address>
         <size>0x12</size>
         <input_file_ref idref="fl-22"/>
      </object_component>
      <object_component id="oc-8fe">
         <name>.text:RingBuf_construct</name>
         <load_address>0x200123c4</load_address>
         <run_address>0x200123c4</run_address>
         <size>0x12</size>
         <input_file_ref idref="fl-18"/>
      </object_component>
      <object_component id="oc-a91">
         <name>.text:TimerIntClear</name>
         <load_address>0x200123d6</load_address>
         <run_address>0x200123d6</run_address>
[...]
      <symbol id="sm-b37">
         <name>HwiP_disableInterrupt</name>
         <value>0x20012509</value>
         <object_component_ref idref="oc-68f"/>
      </symbol>
      <symbol id="sm-b67">
         <name>PowerCC32XX_initPolicy</name>
         <value>0x2000e33b</value>
         <object_component_ref idref="oc-3e5"/>
      </symbol>
      <symbol id="sm-b68">
         <name>PowerCC32XX_sleepPolicy</name>
         <value>0x2000db65</value>
         <object_component_ref idref="oc-3eb"/>
      </symbol>
      <symbol id="sm-bbd">
         <name>resetISR</name>
         <value>0x200120b1</value>
         <object_component_ref idref="oc-21"/>
      </symbol>
      <symbol id="sm-bbe">
         <name>resetVectorAddr</name>
         <value>0x200120c4</value>
         <object_component_ref idref="oc-21"/>
      </symbol>
      <symbol id="sm-bbf">
         <name>initVectors</name>
         <value>0x2001190d</value>
         <object_component_ref idref="oc-59"/>
      </symbol>
      <symbol id="sm-bc0">
         <name>resetVectors</name>
         <value>0x20004000</value>
         <object_component_ref idref="oc-27"/>
      </symbol>
      <symbol id="sm-bf0">
         <name>SwiP_disable</name>
         <value>0x2001200d</value>
         <object_component_ref idref="oc-53e"/>
      </symbol>
      <symbol id="sm-bf1">
         <name>SwiP_restore</name>
         <value>0x2001142d</value>
         <object_component_ref idref="oc-578"/>
      </symbol>
      <symbol id="sm-bfc">
         <name>CPUcpsid</name>
         <value>0x200122eb</value>
         <object_component_ref idref="oc-a3"/>
      </symbol>
      <symbol id="sm-c69">
         <name>I2CRxFIFOFlush</name>
         <value>0x20012113</value>
         <object_component_ref idref="oc-833"/>
      </symbol>
      <symbol id="sm-c6a">
         <name>I2CTxFIFOFlush</name>
         <value>0x2001212b</value>
         <object_component_ref idref="oc-82d"/>
      </symbol>
      <symbol id="sm-c6b">
         <name>I2CFIFODataPutNonBlocking</name>
         <value>0x20011d2f</value>
         <object_component_ref idref="oc-66e"/>
      </symbol>
      <symbol id="sm-c6c">
         <name>I2CMasterBusBusy</name>
         <value>0x200120cb</value>
         <object_component_ref idref="oc-839"/>
      </symbol>
      <symbol id="sm-c6d">
         <name>I2CMasterIntDisableEx</name>
         <value>0x200120e3</value>
         <object_component_ref idref="oc-65c"/>
      </symbol>
      <symbol id="sm-c6e">
         <name>I2CMasterBurstLengthSet</name>
         <value>0x2001227d</value>
         <object_component_ref idref="oc-80e"/>
      </symbol>
      <symbol id="sm-c6f">
         <name>I2CMasterIntClearEx</name>
         <value>0x200123b3</value>
         <object_component_ref idref="oc-650"/>
      </symbol>
      <symbol id="sm-c70">
         <name>I2CMasterSlaveAddrSet</name>
         <value>0x20011ed5</value>
         <object_component_ref idref="oc-802"/>
      </symbol>
      <symbol id="sm-c71">
         <name>I2CMasterIntEnableEx</name>
         <value>0x200120fb</value>
         <object_component_ref idref="oc-814"/>
      </symbol>
      <symbol id="sm-c72">
         <name>I2CFIFOStatus</name>
         <value>0x2001248d</value>
         <object_component_ref idref="oc-674"/>
      </symbol>
      <symbol id="sm-c73">
         <name>I2CMasterIntStatusEx</name>
         <value>0x20011f79</value>
         <object_component_ref idref="oc-64a"/>
      </symbol>
      <symbol id="sm-c74">
         <name>I2CFIFODataGetNonBlocking</name>
         <value>0x20011dd1</value>
         <object_component_ref idref="oc-7fa"/>
      </symbol>
      <symbol id="sm-cb9">
         <name>IntVTableBaseSet</name>
         <value>0x2001233d</value>
         <object_component_ref idref="oc-af"/>
      </symbol>
      <symbol id="sm-cba">
         <name>IntEnable</name>
         <value>0x2000f745</value>
         <object_component_ref idref="oc-b5"/>
      </symbol>
      <symbol id="sm-cbb">
         <name>IntMasterDisable</name>
         <value>0x200125ad</value>
         <object_component_ref idref="oc-53"/>
      </symbol>
      <symbol id="sm-cbc">
         <name>IntPendSet</name>
         <value>0x2000fdfd</value>
         <object_component_ref idref="oc-8ca"/>
      </symbol>
      <symbol id="sm-cf6">
         <name>PinModeGet</name>
         <value>0x20011ac1</value>
         <object_component_ref idref="oc-2a9"/>
      </symbol>
      <symbol id="sm-cf7">
         <name>PinConfigSet</name>
         <value>0x2000fe85</value>
         <object_component_ref idref="oc-302"/>
      </symbol>
      <symbol id="sm-cf8">
         <name>PinModeSet</name>
         <value>0x200115c1</value>
         <object_component_ref idref="oc-2af"/>
      </symbol>
      <symbol id="sm-cf9">
         <name>PinToPadGet</name>
         <value>0x20011ff1</value>
         <object_component_ref idref="oc-898"/>
      </symbol>
      <symbol id="sm-dc2">
         <name>PRCMLPDSRestoreInfoSet</name>
         <value>0x20011361</value>
         <object_component_ref idref="oc-8ac"/>
      </symbol>
      <symbol id="sm-dc3">
         <name>PRCMPeripheralReset</name>
         <value>0x20010b21</value>
         <object_component_ref idref="oc-29d"/>
      </symbol>
      <symbol id="sm-dc4">
         <name>PRCMLPDSEnter</name>
         <value>0x20011171</value>
         <object_component_ref idref="oc-707"/>
      </symbol>
      <symbol id="sm-dc5">
         <name>PRCMPeripheralClkEnable</name>
         <value>0x200111b9</value>
         <object_component_ref idref="oc-297"/>
      </symbol>
      <symbol id="sm-dc6">
         <name>PRCMLPDSEnterKeepDebugIf</name>
         <value>0x2001182d</value>
         <object_component_ref idref="oc-70d"/>
      </symbol>
      <symbol id="sm-dc7">
         <name>PRCMCC3200MCUInit</name>
         <value>0x2000ca91</value>
         <object_component_ref idref="oc-1cd"/>
      </symbol>
      <symbol id="sm-dc8">
         <name>PRCMHIBRegWrite</name>
         <value>0x200122a9</value>
         <object_component_ref idref="oc-28b"/>
      </symbol>
      <symbol id="sm-dc9">
         <name>PRCMSysResetCauseGet</name>
         <value>0x20010955</value>
         <object_component_ref idref="oc-284"/>
      </symbol>
      <symbol id="sm-dca">
         <name>PRCMPeripheralClkDisable</name>
         <value>0x20011d59</value>
         <object_component_ref idref="oc-2a3"/>
      </symbol>
      <symbol id="sm-dcb">
         <name>PRCMHIBRegRead</name>
         <value>0x20012293</value>
         <object_component_ref idref="oc-291"/>
      </symbol>
      <symbol id="sm-e13">
         <name>TimerLoadSet</name>
         <value>0x20011cdb</value>
         <object_component_ref idref="oc-9d7"/>
      </symbol>
      <symbol id="sm-e14">
         <name>TimerDisable</name>
         <value>0x20011fb5</value>
         <object_component_ref idref="oc-9eb"/>
      </symbol>
      <symbol id="sm-e15">
         <name>TimerEnable</name>
         <value>0x20011fd3</value>
         <object_component_ref idref="oc-9e4"/>
      </symbol>
      <symbol id="sm-e16">
         <name>TimerIntDisable</name>
         <value>0x2001218d</value>
         <object_component_ref idref="oc-9f1"/>
      </symbol>
      <symbol id="sm-e17">
         <name>TimerPrescaleSet</name>
         <value>0x20011d05</value>
         <object_component_ref idref="oc-9d1"/>
      </symbol>
      <symbol id="sm-e18">
         <name>TimerControlStall</name>
         <value>0x200119ed</value>
         <object_component_ref idref="oc-a89"/>
      </symbol>
      <symbol id="sm-e19">
         <name>TimerIntEnable</name>
         <value>0x200121a5</value>
         <object_component_ref idref="oc-9de"/>
      </symbol>
      <symbol id="sm-e1a">
         <name>TimerIntClear</name>
         <value>0x200123d7</value>
         <object_component_ref idref="oc-a91"/>
      </symbol>
      <symbol id="sm-e2e">
         <name>UARTBusy</name>
         <value>0x200121bd</value>
         <object_component_ref idref="oc-953"/>
      </symbol>
      <symbol id="sm-e2f">
         <name>UARTIntEnable</name>
         <value>0x200121d5</value>
         <object_component_ref idref="oc-a64"/>
      </symbol>
      <symbol id="sm-e33">
         <name>UtilsDelay</name>
         <value>0x20012607</value>
         <object_component_ref idref="oc-28a"/>
      </symbol>
      <symbol id="sm-e43">
         <name>FlashDisable</name>
         <value>0x20011129</value>
         <object_component_ref idref="oc-8c2"/>
      </symbol>
      <symbol id="sm-e72">
         <name>snprintf</name>
         <value>0x200110dd</value>
         <object_component_ref idref="oc-351"/>
      </symbol>
      <symbol id="sm-e7c">
         <name>__aeabi_fmul</name>
         <value>0x200103a3</value>
         <object_component_ref idref="oc-50a"/>
      </symbol>
      <symbol id="sm-e86">
         <name>__aeabi_f2iz</name>
         <value>0x2001197d</value>
         <object_component_ref idref="oc-50f"/>
      </symbol>
      <symbol id="sm-e91">
         <name>__aeabi_i2f</name>
         <value>0x200119b5</value>
         <object_component_ref idref="oc-505"/>
      </symbol>
      <symbol id="sm-e9a">
         <name>__aeabi_lmul</name>
         <value>0x2001224d</value>
         <object_component_ref idref="oc-56d"/>
      </symbol>
      <symbol id="sm-eb5">
         <name>memcpy</name>
         <value>0x2000fb15</value>
         <object_component_ref idref="oc-3b"/>
      </symbol>
      <symbol id="sm-eb6">
         <name>__aeabi_memcpy</name>
         <value>0x2000fb15</value>
         <object_component_ref idref="oc-3b"/>
      </symbol>
      <symbol id="sm-eb7">
         <name>__aeabi_memcpy8</name>
         <value>0x2000fb15</value>
         <object_component_ref idref="oc-3b"/>
      </symbol>
      <symbol id="sm-eb8">
         <name>__aeabi_memcpy4</name>
         <value>0x2000fb15</value>
         <object_component_ref idref="oc-3b"/>
      </symbol>
      <symbol id="sm-ec5">
         <name>__aeabi_uldivmod</name>
         <value>0x2000fc49</value>
         <object_component_ref idref="oc-562"/>
      </symbol>
      <symbol id="sm-ed9">
         <name>__TI_zero_init_nomemset</name>
         <value>0x20012029</value>
         <object_component_ref idref="oc-47"/>
      </symbol>
      <symbol id="sm-ef0">
         <name>__TI_decompress_none</name>
         <value>0x2001254f</value>
         <object_component_ref idref="oc-1a"/>
      </symbol>
      <symbol id="sm-f13">
         <name>__TI_decompress_lzss</name>
         <value>0x200107bd</value>
         <object_component_ref idref="oc-14"/>
      </symbol>
      <symbol id="sm-f9c">
         <name>_sys_memory</name>
         <value>0x20004040</value>
         <object_component_ref idref="oc-2a"/>
      </symbol>
      <symbol id="sm-f9d">
         <name>free</name>
         <value>0x2000ecd5</value>
         <object_component_ref idref="oc-407"/>
      </symbol>
      <symbol id="sm-f9e">
         <name>memalign</name>
         <value>0x2000e8e9</value>
         <object_component_ref idref="oc-5c6"/>
      </symbol>
      <symbol id="sm-f9f">
         <name>malloc</name>
         <value>0x200125dd</value>
         <object_component_ref idref="oc-462"/>
      </symbol>
      <symbol id="sm-fa0">
         <name>aligned_alloc</name>
         <value>0x2000e8e9</value>
         <object_component_ref idref="oc-5c6"/>
      </symbol>
      <symbol id="sm-fb2">
         <name>__stack</name>
         <value>0x20003000</value>
         <object_component_ref idref="oc-2d"/>
      </symbol>
      <symbol id="sm-fb3">
         <name>_c_int00_noargs</name>
         <value>0x20011eb1</value>
         <object_component_ref idref="oc-c5"/>
      </symbol>
      <symbol id="sm-1118">
         <name>__TI_printfi</name>
         <value>0x2000c041</value>
         <object_component_ref idref="oc-497"/>
      </symbol>
      <symbol id="sm-1122">
         <name>__aeabi_idiv0</name>
         <value>0x20010e6f</value>
         <object_component_ref idref="oc-6d8"/>
      </symbol>
      <symbol id="sm-1123">
         <name>__aeabi_ldiv0</name>
         <value>0x20010e6f</value>
         <object_component_ref idref="oc-6d8"/>
      </symbol>
      <symbol id="sm-113a">
         <name>__aeabi_dsub</name>
         <value>0x2000d9ad</value>
         <object_component_ref idref="oc-7a9"/>
      </symbol>
      <symbol id="sm-113b">
         <name>__aeabi_dadd</name>
         <value>0x2000d9b7</value>
         <object_component_ref idref="oc-7a9"/>
      </symbol>
      <symbol id="sm-115d">
         <name>__aeabi_cdcmpeq</name>
         <value>0x2000ff95</value>
         <object_component_ref idref="oc-5fd"/>
      </symbol>
      <symbol id="sm-115e">
         <name>__aeabi_cdcmple</name>
         <value>0x2000ff95</value>
         <object_component_ref idref="oc-5fd"/>
      </symbol>
      <symbol id="sm-115f">
         <name>__aeabi_cdrcmple</name>
         <value>0x2001001b</value>
         <object_component_ref idref="oc-794"/>
      </symbol>
      <symbol id="sm-1173">
         <name>__aeabi_ddiv</name>
         <value>0x2000e205</value>
         <object_component_ref idref="oc-78f"/>
      </symbol>
      <symbol id="sm-117e">
         <name>__aeabi_dmul</name>
         <value>0x2000eae5</value>
         <object_component_ref idref="oc-78a"/>
      </symbol>
      <symbol id="sm-1188">
         <name>__aeabi_d2iz</name>
         <value>0x20011249</value>
         <object_component_ref idref="oc-799"/>
      </symbol>
      <symbol id="sm-1192">
         <name>__aeabi_i2d</name>
         <value>0x20011c55</value>
         <object_component_ref idref="oc-7a4"/>
      </symbol>
      <symbol id="sm-11a1">
         <name>__aeabi_memset</name>
         <value>0x2001041f</value>
         <object_component_ref idref="oc-9d"/>
      </symbol>
      <symbol id="sm-11a2">
         <name>memset</name>
         <value>0x20010425</value>
         <object_component_ref idref="oc-9d"/>
      </symbol>
      <symbol id="sm-11a3">
         <name>__aeabi_memset8</name>
         <value>0x2001041f</value>
         <object_component_ref idref="oc-9d"/>
      </symbol>
      <symbol id="sm-11a4">
         <name>__aeabi_memset4</name>
         <value>0x2001041f</value>
         <object_component_ref idref="oc-9d"/>
      </symbol>
      <symbol id="sm-11a5">
         <name>__aeabi_memclr8</name>
         <value>0x2001041d</value>
         <object_component_ref idref="oc-9d"/>
      </symbol>
      <symbol id="sm-11a6">
         <name>__aeabi_memclr4</name>
         <value>0x2001041d</value>
         <object_component_ref idref="oc-9d"/>
      </symbol>
      <symbol id="sm-11a7">
         <name>__aeabi_memclr</name>
         <value>0x2001041d</value>
         <object_component_ref idref="oc-9d"/>
      </symbol>
      <symbol id="sm-11cf">
         <name>__TI_auto_init_nobinit_nopinit</name>
         <value>0x200114f9</value>
         <object_component_ref idref="oc-172"/>
      </symbol>
      <symbol id="sm-11d9">
         <name>_system_pre_init</name>
         <value>0x20012619</value>
         <object_component_ref idref="oc-114"/>
      </symbol>
      <symbol id="sm-11e5">
         <name>C$$EXIT</name>
         <value>0x2001261d</value>
         <object_component_ref idref="oc-166"/>
      </symbol>
      <symbol id="sm-11e6">
         <name>abort</name>
         <value>0x2001261d</value>
         <object_component_ref idref="oc-166"/>
      </symbol>
      <symbol id="sm-11fb">
         <name>_nop</name>
         <value>0x2000f02b</value>
         <object_component_ref idref="oc-3ad"/>
      </symbol>
      <symbol id="sm-11fc">
         <name>_lock</name>
         <value>0x20012bcc</value>
         <object_component_ref idref="oc-237"/>
      </symbol>
      <symbol id="sm-11fd">
         <name>_unlock</name>
         <value>0x20012bd0</value>
         <object_component_ref idref="oc-237"/>
      </symbol>
      <symbol id="sm-120c">
         <name>__TI_ltoa</name>
         <value>0x20010c7d</value>
         <object_component_ref idref="oc-79e"/>
      </symbol>
      <symbol id="sm-1223">
         <name>atoi</name>
         <value>0x20011045</value>
         <object_component_ref idref="oc-5f1"/>
      </symbol>
      <symbol id="sm-122e">
         <name>_ctypes_</name>
         <value>0x20012bf8</value>
         <object_component_ref idref="oc-783"/>
      </symbol>
      <symbol id="sm-123e">
         <name>memccpy</name>
         <value>0x20012061</value>
         <object_component_ref idref="oc-61a"/>
      </symbol>
      <symbol id="sm-124e">
         <name>strchr</name>
         <value>0x200122d5</value>
         <object_component_ref idref="oc-7d5"/>
      </symbol>
      <symbol id="sm-125c">
         <name>strlen</name>
         <value>0x2001238d</value>
         <object_component_ref idref="oc-5eb"/>
      </symbol>
      <symbol id="sm-1272">
         <name>__aeabi_errno_addr</name>
         <value>0x200125d5</value>
         <object_component_ref idref="oc-626"/>
      </symbol>
      <symbol id="sm-1273">
         <name>errno</name>
         <value>0x20012bf4</value>
         <object_component_ref idref="oc-7e5"/>
      </symbol>
      <symbol id="sm-128c">
         <name>wcslen</name>
         <value>0x200123fb</value>
         <object_component_ref idref="oc-620"/>
      </symbol>
      <symbol id="sm-12ac">
         <name>frexpl</name>
         <value>0x20010a11</value>
         <object_component_ref idref="oc-7c9"/>
      </symbol>
      <symbol id="sm-12ad">
         <name>frexp</name>
         <value>0x20010a11</value>
         <object_component_ref idref="oc-7c9"/>
      </symbol>
      <symbol id="sm-12cb">
         <name>scalbn</name>
         <value>0x2000ee91</value>
         <object_component_ref idref="oc-7cf"/>
      </symbol>
      <symbol id="sm-12cc">
         <name>scalbnl</name>
         <value>0x2000ee91</value>
         <object_component_ref idref="oc-7cf"/>
      </symbol>
      <symbol id="sm-12cd">
         <name>ldexpl</name>
         <value>0x2000ee91</value>
         <object_component_ref idref="oc-7cf"/>
      </symbol>
      <symbol id="sm-12ce">
         <name>ldexp</name>
         <value>0x2000ee91</value>
         <object_component_ref idref="oc-7cf"/>
      </symbol>
      <symbol id="sm-12d8">
         <name>copysign</name>
         <value>0x20012575</value>
         <object_component_ref idref="oc-980"/>
      </symbol>
      <symbol id="sm-12d9">
         <name>copysignl</name>
         <value>0x20012575</value>
         <object_component_ref idref="oc-980"/>
      </symbol>
      <symbol id="sm-12da">
         <name>__TI_static_base__</name>
         <value>0x200134f0</value>
      </symbol>
      <symbol id="sm-12dd">
         <name>ITM_flush</name>
         <value>0x0</value>
      </symbol>
      <symbol id="sm-12de">
         <name>ITM_restore</name>
         <value>0x0</value>
      </symbol>
      <symbol id="sm-12df">
         <name>__mpu_init</name>
         <value>0x0</value>
      </symbol>
      <symbol id="sm-12e0">
         <name>_system_post_cinit</name>
         <value>0x0</value>
      </symbol>
      <symbol id="sm-12e1">
         <name>NoRTOS_start</name>
         <value>0x20012517</value>
      </symbol>
   </symbol_table>
   <title>Link successful</title>
</link_info>
