******************************************************************************
                  TI ARM Linker PC v20.2.7                     
******************************************************************************
>> Linked Sat Oct 14 14:41:07 2023

OUTPUT FILE NAME:   <gpiointerrupt_CC3220S_LAUNCHXL_nortos_ccs.out>
ENTRY POINT SYMBOL: "resetISR"  address: 200120b1


MEMORY CONFIGURATION

         name            origin    length      used     unused   attr    fill
----------------------  --------  ---------  --------  --------  ----  --------
  SRAM2                 20000000   00004000  0000130c  00002cf4  RW X
  SRAM                  20004000   0003c000  0000f5e6  0002ca1a  RW X
  LOG_DATA              90000000   00040000  00000000  00040000  R   


SEGMENT ALLOCATION MAP

run origin  load origin   length   init length attrs members
----------  ----------- ---------- ----------- ----- -------
20003000    20003000    00001000   00000000    rw-
  20003000    20003000    00001000   00000000    rw- .stack
20004000    20004000    00000040   00000040    r--
  20004000    20004000    00000040   00000040    r-- .resetVecs
20004040    20004040    00008000   00000000    rw-
  20004040    20004040    00008000   00000000    rw- .sysmem
2000c040    2000c040    000065e0   000065e0    r-x
  2000c040    2000c040    000065e0   000065e0    r-x .text
20012620    20012620    000005d8   00000000    rw-
  20012620    20012620    000005d8   00000000    rw- .data
20012bf8    20012bf8    0000051a   0000051a    r--
  20012bf8    20012bf8    0000051a   0000051a    r-- .const
20013118    20013118    000003d4   00000000    rw-
  20013118    20013118    000003d4   00000000    rw- .bss
200134f0    200134f0    00000100   00000100    r--
  200134f0    200134f0    00000100   00000100    r-- .cinit


SECTION ALLOCATION MAP

 output                                  attributes/
section   page    origin      length       input sections
--------  ----  ----------  ----------   ----------------
.text      0    2000c040    000065e0     
                  2000c040    00000a4e     rtsv7M4_T_le_eabi.lib : _printfi.c.obj (.text:__TI_printfi)
                  2000ca8e    00000002     ti_drivers_config.obj (.text:Board_initHook)
                  2000ca90    0000042c     driverlib.a : prcm.obj (.text:PRCMCC3200MCUInit)
                  2000cebc    00000288     drivers_cc32xx.a : UARTCC32XX.oem4 (.text:UARTCC32XX_open)
                  2000d144    00000268     rtsv7M4_T_le_eabi.lib : _printfi.c.obj (.text:_pconv_a)
                  2000d3ac    00000250     gpiointerrupt.obj (.text:initI2C)
                  2000d5fc    000001e4     drivers_cc32xx.a : GPIOCC32XX.oem4 (.text:GPIO_setConfig)
                  2000d7e0    000001cc     rtsv7M4_T_le_eabi.lib : _printfi.c.obj (.text:_pconv_g)
                  2000d9ac    000001b6                           : fd_add_t2.asm.obj (.text)
                  2000db62    00000002     drivers_cc32xx.a : I2C.oem4 (.text:I2C_init)
                  2000db64    0000019c     nortos_cc32xx.a : PowerCC32XX_nortos.oem4 (.text:PowerCC32XX_sleepPolicy)
                  2000dd00    00000148     drivers_cc32xx.a : I2CCC32XX.oem4 (.text:I2CCC32XX_hwiFxn)
                  2000de48    00000148                      : PowerCC32XX.oem4 (.text:parkPins)
                  2000df90    0000013c     rtsv7M4_T_le_eabi.lib : _printfi.c.obj (.text:_pconv_e)
                  2000e0cc    00000138     drivers_cc32xx.a : PowerCC32XX.oem4 (.text:Power_sleep)
                  2000e204    00000136     rtsv7M4_T_le_eabi.lib : fd_div_t2.asm.obj (.text)
                  2000e33a    00000002     nortos_cc32xx.a : PowerCC32XX_nortos.oem4 (.text:PowerCC32XX_initPolicy)
                  2000e33c    00000128     drivers_cc32xx.a : TimerCC32XX.oem4 (.text:TimerCC32XX_open)
                  2000e464    00000122                      : I2C.oem4 (.text:I2C_transferTimeout)
                  2000e586    00000002                      : TimerCC32XX.oem4 (.text:TimerCC32XX_init)
                  2000e588    00000120                      : UARTCC32XX.oem4 (.text:UARTCC32XX_close)
                  2000e6a8    00000120     rtsv7M4_T_le_eabi.lib : _printfi.c.obj (.text:fcvt)
                  2000e7c8    00000120     gpiointerrupt.obj (.text:readTemp)
                  2000e8e8    00000100     rtsv7M4_T_le_eabi.lib : memory.c.obj (.text:aligned_alloc)
                  2000e9e8    000000fc     drivers_cc32xx.a : I2CCC32XX.oem4 (.text:I2C_open)
                  2000eae4    000000fc     rtsv7M4_T_le_eabi.lib : fd_mul_t2.asm.obj (.text)
                  2000ebe0    000000f2     drivers_cc32xx.a : UARTCC32XX.oem4 (.text:UARTCC32XX_control)
                  2000ecd2    00000002                      : UARTCC32XX.oem4 (.text:UARTCC32XX_init)
                  2000ecd4    000000e4     rtsv7M4_T_le_eabi.lib : memory.c.obj (.text:free)
                  2000edb8    000000d8     gpiointerrupt.obj (.text:mainThread)
                  2000ee90    000000d0     rtsv7M4_T_le_eabi.lib : s_scalbn.c.obj (.text:scalbn)
                  2000ef60    000000ca     drivers_cc32xx.a : UARTCC32XX.oem4 (.text:UARTCC32XX_write)
                  2000f02a    00000002     rtsv7M4_T_le_eabi.lib : _lock.c.obj (.text:_nop)
                  2000f02c    000000c4     drivers_cc32xx.a : GPIOCC32XX.oem4 (.text:GPIO_init)
                  2000f0f0    000000c0                      : PowerCC32XX.oem4 (.text:restoreParkedPins)
                  2000f1b0    000000ba                      : UARTCC32XX.oem4 (.text:UARTCC32XX_readPolling)
                  2000f26a    00000002     nortos_cc32xx.a : startup_cc32xx_ccs.oem4 (.text:busFaultHandler)
                  2000f26c    000000b8     drivers_cc32xx.a : UARTCC32XX.oem4 (.text:initHw)
                  2000f324    000000b6                      : UARTCC32XX.oem4 (.text:readTaskCallback)
                  2000f3da    000000b2                      : I2CCC32XX.oem4 (.text:I2CCC32XX_completeTransfer)
                  2000f48c    000000b1     rtsv7M4_T_le_eabi.lib : _printfi.c.obj (.text:_ltostr)
                  2000f53d    00000001     --HOLE-- [fill = 0]
                  2000f53e    000000b0     drivers_cc32xx.a : UARTCC32XX.oem4 (.text:readTaskBlocking)
                  2000f5ee    000000ae                      : UARTCC32XX.oem4 (.text:readIsrTextBlocking)
                  2000f69c    000000a8                      : I2CCC32XX.oem4 (.text:I2CCC32XX_primeWriteBurst)
                  2000f744    000000a8     driverlib.a : interrupt.obj (.text:IntEnable)
                  2000f7ec    000000a8     drivers_cc32xx.a : PowerCC32XX.oem4 (.text:PowerCC32XX_configureWakeup)
                  2000f894    000000a2                      : UARTCC32XX.oem4 (.text:readIsrTextCallback)
                  2000f936    000000a2                      : UARTCC32XX.oem4 (.text:writeData)
                  2000f9d8    000000a0     nortos_cc32xx.a : SemaphoreP_nortos.oem4 (.text:SemaphoreP_pend)
                  2000fa78    0000009c     drivers_cc32xx.a : I2CCC32XX.oem4 (.text:I2CCC32XX_initHw)
                  2000fb14    0000009c     rtsv7M4_T_le_eabi.lib : memcpy_t2.asm.obj (.text)
                  2000fbb0    00000098     drivers_cc32xx.a : GPIOCC32XX.oem4 (.text:powerNotifyFxn)
                  2000fc48    00000096     rtsv7M4_T_le_eabi.lib : ull_div_t2.asm.obj (.text)
                  2000fcde    00000002     nortos_cc32xx.a : SemaphoreP_nortos.oem4 (.text:clkFxn)
                  2000fce0    00000090     drivers_cc32xx.a : PowerCC32XX.oem4 (.text:restoreNVICRegs)
                  2000fd70    0000008c     nortos_cc32xx.a : HwiPCC32XX_nortos.oem4 (.text:HwiP_construct)
                  2000fdfc    00000088     driverlib.a : interrupt.obj (.text:IntPendSet)
                  2000fe84    00000088                 : pin.obj (.text:PinConfigSet)
                  2000ff0c    00000088     drivers_cc32xx.a : TimerCC32XX.oem4 (.text:TimerCC32XX_setPeriod)
                  2000ff94    00000086     rtsv7M4_T_le_eabi.lib : fd_cmp_t2.asm.obj (.text:__aeabi_cdcmple)
                  2001001a    00000086                           : fd_cmp_t2.asm.obj (.text:__aeabi_cdrcmple)
                  200100a0    00000084     drivers_cc32xx.a : PowerCC32XX.oem4 (.text:Power_init)
                  20010124    00000084     gpiointerrupt.obj (.text:reportUpdate)
                  200101a8    00000084     drivers_cc32xx.a : PowerCC32XX.oem4 (.text:saveNVICRegs)
                  2001022c    00000080                      : PowerCC32XX.oem4 (.text:Power_setDependency)
                  200102ac    0000007c                      : UARTCC32XX.oem4 (.text:readIsrBinaryBlocking)
                  20010328    0000007a                      : I2CCC32XX.oem4 (.text:I2CCC32XX_primeReadBurst)
                  200103a2    0000007a     rtsv7M4_T_le_eabi.lib : fs_mul_t2.asm.obj (.text)
                  2001041c    0000007a                           : memset_t2.asm.obj (.text)
                  20010496    00000002     nortos_cc32xx.a : startup_cc32xx_ccs.oem4 (.text:defaultHandler)
                  20010498    00000078     drivers_cc32xx.a : GPIOCC32XX.oem4 (.text:GPIO_hwiIntFxn)
                  20010510    00000078                      : TimerCC32XX.oem4 (.text:TimerCC32XX_start)
                  20010588    00000078                      : UARTCC32XX.oem4 (.text:readIsrBinaryCallback)
                  20010600    00000074                      : UARTCC32XX.oem4 (.text:UARTCC32XX_hwiIntFxn)
                  20010674    00000070     rtsv7M4_T_le_eabi.lib : memory.c.obj (.text:split)
                  200106e4    0000006e                           : _printfi.c.obj (.text:_mcpy)
                  20010752    0000006a     drivers_cc32xx.a : I2CCC32XX.oem4 (.text:I2CSupport_primeTransfer)
                  200107bc    00000068     rtsv7M4_T_le_eabi.lib : copy_decompress_lzss.c.obj (.text:decompress:lzss:__TI_decompress_lzss)
                  20010824    00000066     drivers_cc32xx.a : UARTCC32XX.oem4 (.text:UARTCC32XX_writeCancel)
                  2001088a    00000002     nortos_cc32xx.a : startup_cc32xx_ccs.oem4 (.text:faultISR)
                  2001088c    00000064     drivers_cc32xx.a : PowerCC32XX.oem4 (.text:PowerCC32XX_setParkState)
                  200108f0    00000062                      : UARTCC32XX.oem4 (.text:UARTCC32XX_writePolling)
                  20010952    00000002     nortos_cc32xx.a : startup_cc32xx_ccs.oem4 (.text:nmiISR)
                  20010954    00000060     driverlib.a : prcm.obj (.text:PRCMSysResetCauseGet)
                  200109b4    0000005c     drivers_cc32xx.a : GPIOCC32XX.oem4 (.text:GPIO_setCallback)
                  20010a10    0000005c     rtsv7M4_T_le_eabi.lib : s_frexp.c.obj (.text:frexp)
                  20010a6c    0000005c     nortos_cc32xx.a : ClockPSysTick_nortos.oem4 (.text:sysTickInit)
                  20010ac8    00000058     drivers_cc32xx.a : GPIOCC32XX.oem4 (.text:GPIO_write)
                  20010b20    00000058     driverlib.a : prcm.obj (.text:PRCMPeripheralReset)
                  20010b78    00000058     drivers_cc32xx.a : PowerCC32XX.oem4 (.text:Power_releaseDependency)
                  20010bd0    00000056                      : TimerCC32XX.oem4 (.text:TimerCC32XX_stop)
                  20010c26    00000056     rtsv7M4_T_le_eabi.lib : _printfi.c.obj (.text:_pconv_f)
                  20010c7c    00000054                           : _ltoa.c.obj (.text:__TI_ltoa)
                  20010cd0    00000054     gpiointerrupt.obj (.text:initTimer)
                  20010d24    00000054     drivers_cc32xx.a : UARTCC32XX.oem4 (.text:ringBufGet)
                  20010d78    00000052                      : PowerCC32XX_asm.oem4 (.text:PowerCC32XX_resumeLPDS)
                  20010dca    00000052     rtsv7M4_T_le_eabi.lib : _printfi.c.obj (.text:_ecpy)
                  20010e1c    00000052     drivers_cc32xx.a : TimerCC32XX.oem4 (.text:initHw)
                  20010e6e    00000002     rtsv7M4_T_le_eabi.lib : div0.asm.obj (.text)
                  20010e70    00000050     nortos_cc32xx.a : ClockPSysTick_nortos.oem4 (.text:ClockP_sysTickHandler)
                  20010ec0    00000050                     : SemaphoreP_nortos.oem4 (.text:SemaphoreP_construct)
                  20010f10    00000050     drivers_cc32xx.a : TimerCC32XX.oem4 (.text:TimerCC32XX_allocateTimerResource)
                  20010f60    0000004c                      : GPIOCC32XX.oem4 (.text:GPIO_enableInt)
                  20010fac    0000004c                      : I2CCC32XX.oem4 (.text:I2CCC32XX_readRecieveFifo)
                  20010ff8    0000004c                      : PowerCC32XX.oem4 (.text:PowerCC32XX_parkPin)
                  20011044    0000004c     rtsv7M4_T_le_eabi.lib : atoi.c.obj (.text:atoi)
                  20011090    0000004c     drivers_cc32xx.a : PowerCC32XX.oem4 (.text:restorePeriphClocks)
                  200110dc    0000004c     rtsv7M4_T_le_eabi.lib : snprintf.c.obj (.text:snprintf)
                  20011128    00000048     driverlib.a : flash.obj (.text:FlashDisable)
                  20011170    00000048                 : prcm.obj (.text:PRCMLPDSEnter)
                  200111b8    00000048                 : prcm.obj (.text:PRCMPeripheralClkEnable)
                  20011200    00000048     drivers_cc32xx.a : PowerCC32XX.oem4 (.text:Power_releaseConstraint)
                  20011248    00000048     rtsv7M4_T_le_eabi.lib : fd_toi_t2.asm.obj (.text)
                  20011290    00000046     drivers_cc32xx.a : RingBuf.oem4 (.text:RingBuf_put)
                  200112d6    00000046                      : TimerCC32XX.oem4 (.text:getPrescaler)
                  2001131c    00000044     nortos_cc32xx.a : ClockPSysTick_nortos.oem4 (.text:ClockP_stop)
                  20011360    00000044     driverlib.a : prcm.obj (.text:PRCMLPDSRestoreInfoSet)
                  200113a4    00000044     drivers_cc32xx.a : PowerCC32XX_asm.oem4 (.text:PowerCC32XX_enterLPDS)
                  200113e8    00000044     nortos_cc32xx.a : SemaphoreP_nortos.oem4 (.text:SemaphoreP_post)
                  2001142c    00000044                     : SwiP_nortos.oem4 (.text:SwiP_restore)
                  20011470    00000044     drivers_cc32xx.a : Timer.oem4 (.text:Timer_init)
                  200114b4    00000044                      : UART.oem4 (.text:UART_init)
                  200114f8    00000044     rtsv7M4_T_le_eabi.lib : autoinit.c.obj (.text:__TI_auto_init_nobinit_nopinit:__TI_auto_init_nobinit_nopinit)
                  2001153c    00000044     gpiointerrupt.obj (.text:initUART)
                  20011580    00000040     nortos_cc32xx.a : ClockPSysTick_nortos.oem4 (.text:ClockP_construct)
                  200115c0    00000040     driverlib.a : pin.obj (.text:PinModeSet)
                  20011600    00000040     drivers_cc32xx.a : RingBuf.oem4 (.text:RingBuf_get)
                  20011640    00000040                      : Timer.oem4 (.text:Timer_open)
                  20011680    00000040                      : UARTCC32XX.oem4 (.text:UARTCC32XX_read)
                  200116c0    00000040                      : UART.oem4 (.text:UART_open)
                  20011700    0000003e     rtsv7M4_T_le_eabi.lib : _printfi.c.obj (.text:_fcpy)
                  2001173e    00000002     --HOLE-- [fill = 0]
                  20011740    0000003c     nortos_cc32xx.a : ClockPSysTick_nortos.oem4 (.text:ClockP_destruct)
                  2001177c    0000003c     drivers_cc32xx.a : PowerCC32XX.oem4 (.text:Power_setConstraint)
                  200117b8    0000003a                      : TimerCC32XX.oem4 (.text:TimerCC32XX_close)
                  200117f2    0000003a     nortos_cc32xx.a : PowerCC32XX_nortos.oem4 (.text:getCountsRTC)
                  2001182c    00000038     driverlib.a : prcm.obj (.text:PRCMLPDSEnterKeepDebugIf)
                  20011864    00000038     drivers_cc32xx.a : TimerCC32XX.oem4 (.text:TimerCC32XX_hwiIntFunction)
                  2001189c    00000038     nortos_cc32xx.a : ClockPSysTick_nortos.oem4 (.text:addToList)
                  200118d4    00000038     gpiointerrupt.obj (.text:buttonPress)
                  2001190c    00000038     nortos_cc32xx.a : startup_cc32xx_ccs.oem4 (.text:initVectors)
                  20011944    00000038     drivers_cc32xx.a : PowerCC32XX.oem4 (.text:notify)
                  2001197c    00000038     rtsv7M4_T_le_eabi.lib : fs_toi_t2.asm.obj (.text)
                  200119b4    00000038                           : i_tofs_t2.asm.obj (.text)
                  200119ec    00000036     driverlib.a : timer.obj (.text:TimerControlStall)
                  20011a22    00000036     drivers_cc32xx.a : UARTCC32XX.oem4 (.text:UARTCC32XX_readCancel)
                  20011a58    00000034     nortos_cc32xx.a : ClockPSysTick_nortos.oem4 (.text:ClockP_getTicksUntilInterrupt)
                  20011a8c    00000034                     : ClockPSysTick_nortos.oem4 (.text:ClockP_startup)
                  20011ac0    00000034     driverlib.a : pin.obj (.text:PinModeGet)
                  20011af4    00000034     drivers_cc32xx.a : PowerCC32XX.oem4 (.text:PowerCC32XX_restoreParkState)
                  20011b28    00000034                      : TimerCC32XX.oem4 (.text:TimerCC32XX_freeTimerResource)
                  20011b5c    00000034                      : TimerCC32XX.oem4 (.text:getPowerMgrId)
                  20011b90    00000034     gpiointerrupt.obj (.text:updateTemp)
                  20011bc4    00000030     nortos_cc32xx.a : ClockPSysTick_nortos.oem4 (.text:ClockP_start)
                  20011bf4    00000030     drivers_cc32xx.a : PowerCC32XX.oem4 (.text:PowerCC32XX_restoreParkedPin)
                  20011c24    00000030     rtsv7M4_T_le_eabi.lib : snprintf.c.obj (.text:_outs)
                  20011c54    0000002e                           : i_tofd_t2.asm.obj (.text)
                  20011c82    00000002     --HOLE-- [fill = 0]
                  20011c84    0000002c     drivers_cc32xx.a : PowerCC32XX.oem4 (.text:PowerCC32XX_getParkState)
                  20011cb0    0000002a     nortos_cc32xx.a : HwiPCC32XX_nortos.oem4 (.text:HwiP_create)
                  20011cda    0000002a     driverlib.a : timer.obj (.text:TimerLoadSet)
                  20011d04    0000002a                 : timer.obj (.text:TimerPrescaleSet)
                  20011d2e    00000028                 : i2c.obj (.text:I2CFIFODataPutNonBlocking)
                  20011d56    00000002     --HOLE-- [fill = 0]
                  20011d58    00000028                 : prcm.obj (.text:PRCMPeripheralClkDisable)
                  20011d80    00000028     drivers_cc32xx.a : PowerCC32XX.oem4 (.text:Power_registerNotify)
                  20011da8    00000028     rtsv7M4_T_le_eabi.lib : memory.c.obj (.text:free_list_insert)
                  20011dd0    00000026     driverlib.a : i2c.obj (.text:I2CFIFODataGetNonBlocking)
                  20011df6    00000026     drivers_cc32xx.a : I2C.oem4 (.text:I2C_cancel)
                  20011e1c    00000026                      : List.oem4 (.text:List_put)
                  20011e42    00000026                      : List.oem4 (.text:List_remove)
                  20011e68    00000024     nortos_cc32xx.a : HwiPCC32XX_nortos.oem4 (.text:HwiP_dispatch)
                  20011e8c    00000024     drivers_cc32xx.a : PowerCC32XX.oem4 (.text:PowerCC32XX_reset)
                  20011eb0    00000024     rtsv7M4_T_le_eabi.lib : boot_cortex_m.c.obj (.text:_c_int00_noargs:_c_int00_noargs)
                  20011ed4    00000022     driverlib.a : i2c.obj (.text:I2CMasterSlaveAddrSet)
                  20011ef6    00000020     nortos_cc32xx.a : HwiPCC32XX_nortos.oem4 (.text:HwiP_destruct)
                  20011f16    00000002     --HOLE-- [fill = 0]
                  20011f18    00000020     drivers_cc32xx.a : PowerCC32XX.oem4 (.text:Power_unregisterNotify)
                  20011f38    00000020                      : RingBuf.oem4 (.text:RingBuf_peek)
                  20011f58    00000020                      : UARTCC32XX.oem4 (.text:getPowerMgrId)
                  20011f78    0000001e     driverlib.a : i2c.obj (.text:I2CMasterIntStatusEx)
                  20011f96    0000001e     nortos_cc32xx.a : SemaphoreP_nortos.oem4 (.text:SemaphoreP_constructBinary)
                  20011fb4    0000001e     driverlib.a : timer.obj (.text:TimerDisable)
                  20011fd2    0000001e                 : timer.obj (.text:TimerEnable)
                  20011ff0    0000001c                 : pin.obj (.text:PinToPadGet)
                  2001200c    0000001c     nortos_cc32xx.a : SwiP_nortos.oem4 (.text:SwiP_disable)
                  20012028    0000001c     rtsv7M4_T_le_eabi.lib : copy_zero_init.c.obj (.text:decompress:ZI:__TI_zero_init_nomemset:__TI_zero_init_nomemset)
                  20012044    0000001c                           : memory.c.obj (.text:free_list_remove)
                  20012060    0000001c                           : memccpy.c.obj (.text:memccpy)
                  2001207c    0000001a     nortos_cc32xx.a : ClockPSysTick_nortos.oem4 (.text:ClockP_create)
                  20012096    0000001a                     : SemaphoreP_nortos.oem4 (.text:SemaphoreP_createBinary)
                  200120b0    0000001a                     : startup_cc32xx_ccs.oem4 (.text:resetISR)
                  200120ca    00000018     driverlib.a : i2c.obj (.text:I2CMasterBusBusy)
                  200120e2    00000018                 : i2c.obj (.text:I2CMasterIntDisableEx)
                  200120fa    00000018                 : i2c.obj (.text:I2CMasterIntEnableEx)
                  20012112    00000018                 : i2c.obj (.text:I2CRxFIFOFlush)
                  2001212a    00000018                 : i2c.obj (.text:I2CTxFIFOFlush)
                  20012142    00000002     --HOLE-- [fill = 0]
                  20012144    00000018     drivers_cc32xx.a : PowerCC32XX.oem4 (.text:Power_getTransitionLatency)
                  2001215c    00000018                      : PowerCC32XX.oem4 (.text:Power_idleFunc)
                  20012174    00000018                      : TimerCC32XX.oem4 (.text:TimerCC32XX_getCount)
                  2001218c    00000018     driverlib.a : timer.obj (.text:TimerIntDisable)
                  200121a4    00000018                 : timer.obj (.text:TimerIntEnable)
                  200121bc    00000018                 : uart.obj (.text:UARTBusy)
                  200121d4    00000018                 : uart.obj (.text:UARTIntEnable)
                  200121ec    00000018     drivers_cc32xx.a : UART.oem4 (.text:UART_Params_init)
                  20012204    00000018     rtsv7M4_T_le_eabi.lib : snprintf.c.obj (.text:_outc)
                  2001221c    00000018     gpiointerrupt.obj (.text:gpioButtonFxn0)
                  20012234    00000018     gpiointerrupt.obj (.text:gpioButtonFxn1)
                  2001224c    00000018     rtsv7M4_T_le_eabi.lib : ll_mul_t2.asm.obj (.text)
                  20012264    00000018     gpiointerrupt.obj (.text:timerCallback)
                  2001227c    00000016     driverlib.a : i2c.obj (.text:I2CMasterBurstLengthSet)
                  20012292    00000016                 : prcm.obj (.text:PRCMHIBRegRead)
                  200122a8    00000016                 : prcm.obj (.text:PRCMHIBRegWrite)
                  200122be    00000016     nortos_cc32xx.a : SemaphoreP_nortos.oem4 (.text:SemaphoreP_create)
                  200122d4    00000016     rtsv7M4_T_le_eabi.lib : strchr.c.obj (.text:strchr)
                  200122ea    00000014     driverlib.a : cpu.obj (.text:CPUcpsid)
                  200122fe    00000002     --HOLE-- [fill = 0]
                  20012300    00000014     nortos_cc32xx.a : HwiPCC32XX_nortos.oem4 (.text:HwiP_inISR)
                  20012314    00000014     drivers_cc32xx.a : I2CCC32XX.oem4 (.text:I2CSupport_masterFinish)
                  20012328    00000014                      : I2C.oem4 (.text:I2C_transfer)
                  2001233c    00000014     driverlib.a : interrupt.obj (.text:IntVTableBaseSet)
                  20012350    00000014     drivers_cc32xx.a : PowerCC32XX.oem4 (.text:Power_disablePolicy)
                  20012364    00000014                      : PowerCC32XX.oem4 (.text:Power_getDependencyCount)
                  20012378    00000014                      : UARTCC32XX.oem4 (.text:releasePowerConstraint)
                  2001238c    00000014     rtsv7M4_T_le_eabi.lib : strlen.c.obj (.text:strlen)
                  200123a0    00000012     nortos_cc32xx.a : HwiPCC32XX_nortos.oem4 (.text:HwiP_Params_init)
                  200123b2    00000012     driverlib.a : i2c.obj (.text:I2CMasterIntClearEx)
                  200123c4    00000012     drivers_cc32xx.a : RingBuf.oem4 (.text:RingBuf_construct)
                  200123d6    00000012     driverlib.a : timer.obj (.text:TimerIntClear)
                  200123e8    00000012     main_nortos.obj (.text:main)
                  200123fa    00000012     rtsv7M4_T_le_eabi.lib : wcslen.c.obj (.text:wcslen)
                  2001240c    00000010     ti_drivers_config.obj (.text:Board_init)
                  2001241c    00000010     nortos_cc32xx.a : ClockPSysTick_nortos.oem4 (.text:ClockP_add)
                  2001242c    00000010                     : ClockPSysTick_nortos.oem4 (.text:ClockP_delete)
                  2001243c    00000010                     : ClockPSysTick_nortos.oem4 (.text:ClockP_getCpuFreq)
                  2001244c    00000010                     : ClockPSysTick_nortos.oem4 (.text:ClockP_getSystemTicks)
                  2001245c    00000010                     : ClockPSysTick_nortos.oem4 (.text:ClockP_setTicks)
                  2001246c    00000010                     : HwiPCC32XX_nortos.oem4 (.text:HwiP_delete)
                  2001247c    00000010                     : HwiPCC32XX_nortos.oem4 (.text:HwiP_restore)
                  2001248c    00000010     driverlib.a : i2c.obj (.text:I2CFIFOStatus)
                  2001249c    00000010     drivers_cc32xx.a : I2C.oem4 (.text:I2C_Params_init)
                  200124ac    00000010                      : PowerCC32XX.oem4 (.text:Power_enablePolicy)
                  200124bc    00000010     nortos_cc32xx.a : SemaphoreP_nortos.oem4 (.text:SemaphoreP_Params_init)
                  200124cc    00000010     drivers_cc32xx.a : Timer.oem4 (.text:Timer_Params_init)
                  200124dc    00000010                      : UARTCC32XX.oem4 (.text:readBlockingTimeout)
                  200124ec    0000000e     nortos_cc32xx.a : HwiPCC32XX_nortos.oem4 (.text:HwiP_clearInterrupt)
                  200124fa    0000000e                     : HwiPCC32XX_nortos.oem4 (.text:HwiP_disable)
                  20012508    0000000e                     : HwiPCC32XX_nortos.oem4 (.text:HwiP_disableInterrupt)
                  20012516    0000000e                     : HwiPCC32XX_nortos.oem4 (.text:HwiP_enable)
                  20012524    0000000e                     : HwiPCC32XX_nortos.oem4 (.text:HwiP_enableInterrupt)
                  20012532    0000000e     drivers_cc32xx.a : I2CCC32XX.oem4 (.text:I2CCC32XX_updateReg)
                  20012540    0000000e                      : RingBuf.oem4 (.text:RingBuf_isFull)
                  2001254e    0000000e     rtsv7M4_T_le_eabi.lib : copy_decompress_none.c.obj (.text:decompress:none:__TI_decompress_none)
                  2001255c    0000000c     drivers_cc32xx.a : I2CCC32XX.oem4 (.text:I2CCC32XX_postNotify)
                  20012568    0000000c                      : PowerCC32XX.oem4 (.text:Power_getConstraintMask)
                  20012574    0000000c     rtsv7M4_T_le_eabi.lib : s_copysign.c.obj (.text:copysign)
                  20012580    0000000c     drivers_cc32xx.a : TimerCC32XX.oem4 (.text:postNotifyFxn)
                  2001258c    0000000c                      : UARTCC32XX.oem4 (.text:postNotifyFxn)
                  20012598    0000000a     nortos_cc32xx.a : ClockPSysTick_nortos.oem4 (.text:ClockP_Params_init)
                  200125a2    0000000a                     : ClockPSysTick_nortos.oem4 (.text:ClockP_isActive)
                  200125ac    0000000a     driverlib.a : interrupt.obj (.text:IntMasterDisable)
                  200125b6    0000000a     drivers_cc32xx.a : Timer.oem4 (.text:Timer_start)
                  200125c0    0000000a                      : UART.oem4 (.text:UART_write)
                  200125ca    00000008                      : I2CCC32XX.oem4 (.text:I2CCC32XX_blockingCallback)
                  200125d2    00000002     --HOLE-- [fill = 0]
                  200125d4    00000008     rtsv7M4_T_le_eabi.lib : errno.c.obj (.text:__aeabi_errno_addr)
                  200125dc    00000008                           : memory.c.obj (.text:malloc)
                  200125e4    00000008     drivers_cc32xx.a : UARTCC32XX.oem4 (.text:readSemCallback)
                  200125ec    00000008                      : UARTCC32XX.oem4 (.text:writeSemCallback)
                  200125f4    00000006                      : I2CCC32XX.oem4 (.text:I2CSupport_powerRelConstraint)
                  200125fa    00000006                      : I2CCC32XX.oem4 (.text:I2CSupport_powerSetConstraint)
                  20012600    00000006                      : TimerCC32XX.oem4 (.text:TimerCC32XX_control)
                  20012606    00000006     driverlib.a : utils.obj (.text:UtilsDelay)
                  2001260c    00000004     nortos_cc32xx.a : ClockPSysTick_nortos.oem4 (.text:ClockP_setTimeout)
                  20012610    00000004                     : HwiPCC32XX_nortos.oem4 (.text:HwiP_post)
                  20012614    00000004                     : SemaphoreP_nortos.oem4 (.text:SemaphoreP_delete)
                  20012618    00000004     rtsv7M4_T_le_eabi.lib : pre_init.c.obj (.text:_system_pre_init)
                  2001261c    00000004                           : exit.c.obj (.text:abort:abort)

.const     0    20012bf8    0000051a     
                  20012bf8    00000101     rtsv7M4_T_le_eabi.lib : ctype.c.obj (.const:.string:_ctypes_)
                  20012cf9    00000003     --HOLE-- [fill = 0]
                  20012cfc    00000100     driverlib.a : pin.obj (.const:g_ulPinToPadMap)
                  20012dfc    000000a8                 : prcm.obj (.const:PRCM_PeriphRegsList)
                  20012ea4    00000044     ti_drivers_config.obj (.const:PowerCC32XX_config)
                  20012ee8    00000028     drivers_cc32xx.a : UARTCC32XX.oem4 (.const:UARTCC32XX_fxnTable)
                  20012f10    00000024                      : UART.oem4 (.const:UART_defaultParams)
                  20012f34    00000024     ti_drivers_config.obj (.const:uartCC32XXHWAttrs0)
                  20012f58    00000021     drivers_cc32xx.a : GPIOCC32XX.oem4 (.const:.string:pinTable)
                  20012f79    00000003     --HOLE-- [fill = 0]
                  20012f7c    00000020                      : TimerCC32XX.oem4 (.const:TimerCC32XX_fxnTable)
                  20012f9c    00000020                      : UARTCC32XX.oem4 (.const:staticFxnTable)
                  20012fbc    00000018     driverlib.a : interrupt.obj (.const:g_pulEnRegs)
                  20012fd4    00000018                 : interrupt.obj (.const:g_pulPendRegs)
                  20012fec    00000018     gpiointerrupt.obj (.const:sensors)
                  20013004    00000014     ti_drivers_config.obj (.const:GPIOCC32XX_config)
                  20013018    00000014     drivers_cc32xx.a : GPIOCC32XX.oem4 (.const:gpioBaseAddresses)
                  2001302c    00000014     ti_drivers_config.obj (.const:i2cCC32XXHWAttrs)
                  20013040    00000014     drivers_cc32xx.a : UARTCC32XX.oem4 (.const:parityType)
                  20013054    00000014                      : GPIOCC32XX.oem4 (.const:powerResources)
                  20013068    00000010                      : I2C.oem4 (.const:I2C_defaultParams)
                  20013078    00000010                      : I2CCC32XX.oem4 (.const:I2C_defaultParams)
                  20013088    00000010                      : UARTCC32XX.oem4 (.const:dataLength)
                  20013098    00000010     ti_drivers_config.obj (.const:timerCC32XXHWAttrs)
                  200130a8    0000000c     gpiointerrupt.obj (.const:.string)
                  200130b4    0000000c     ti_drivers_config.obj (.const:Timer_config)
                  200130c0    0000000c     ti_drivers_config.obj (.const:UART_config)
                  200130cc    0000000c     drivers_cc32xx.a : Timer.oem4 (.const:defaultParams)
                  200130d8    00000009     ti_drivers_config.obj (.const)
                  200130e1    00000003     --HOLE-- [fill = 0]
                  200130e4    00000008     ti_drivers_config.obj (.const:I2C_config)
                  200130ec    00000008     drivers_cc32xx.a : GPIOCC32XX.oem4 (.const:outPinTypes)
                  200130f4    00000008                      : UARTCC32XX.oem4 (.const:stopBits)
                  200130fc    00000006                      : GPIOCC32XX.oem4 (.const:.string:interruptType)
                  20013102    00000006                      : GPIOCC32XX.oem4 (.const:inPinTypes)
                  20013108    00000006                      : GPIOCC32XX.oem4 (.const:outPinStrengths)
                  2001310e    00000004                      : GPIOCC32XX.oem4 (.const:.string:portInterruptIds)

.cinit     0    200134f0    00000100     
                  200134f0    000000d5     (.cinit..data.load) [load image, compression = lzss]
                  200135c5    00000003     --HOLE-- [fill = 0]
                  200135c8    0000000c     (__TI_handler_table)
                  200135d4    00000004     --HOLE-- [fill = 0]
                  200135d8    00000008     (.cinit..bss.load) [load image, compression = zero_init]
                  200135e0    00000010     (__TI_cinit_table)

.init_array 
*          0    20004000    00000000     UNINITIALIZED

.ramVecs   0    20000000    0000030c     NOLOAD SECTION
                  20000000    0000030c     nortos_cc32xx.a : startup_cc32xx_ccs.oem4 (.ramVecs)

.stack     0    20003000    00001000     UNINITIALIZED
                  20003000    00000004     rtsv7M4_T_le_eabi.lib : boot_cortex_m.c.obj (.stack)
                  20003004    00000ffc     --HOLE--

.resetVecs 
*          0    20004000    00000040     
                  20004000    00000040     nortos_cc32xx.a : startup_cc32xx_ccs.oem4 (.resetVecs:retain)

.sysmem    0    20004040    00008000     UNINITIALIZED
                  20004040    00000010     rtsv7M4_T_le_eabi.lib : memory.c.obj (.sysmem)
                  20004050    00007ff0     --HOLE--

.data      0    20012620    000005d8     UNINITIALIZED
                  20012620    0000030c     nortos_cc32xx.a : HwiPCC32XX_nortos.oem4 (.data:HwiP_dispatchTable)
                  2001292c    0000016c     drivers_cc32xx.a : PowerCC32XX.oem4 (.data:PowerCC32XX_module)
                  20012a98    000000f8     ti_drivers_config.obj (.data:parkInfo)
                  20012b90    00000016     gpiointerrupt.obj (.data)
                  20012ba6    00000001     drivers_cc32xx.a : Timer.oem4 (.data)
                  20012ba7    00000001                      : UART.oem4 (.data)
                  20012ba8    0000000c     ti_drivers_config.obj (.data:gpioCallbackFunctions)
                  20012bb4    0000000c     ti_drivers_config.obj (.data:gpioPinConfigs)
                  20012bc0    00000009     drivers_cc32xx.a : GPIOCC32XX.oem4 (.data)
                  20012bc9    00000003     nortos_cc32xx.a : SemaphoreP_nortos.oem4 (.data)
                  20012bcc    00000008     rtsv7M4_T_le_eabi.lib : _lock.c.obj (.data:$O1$$)
                  20012bd4    00000008                           : memory.c.obj (.data:$O1$$)
                  20012bdc    00000008     nortos_cc32xx.a : SemaphoreP_nortos.oem4 (.data:SemaphoreP_defaultParams)
                  20012be4    00000008                     : HwiPCC32XX_nortos.oem4 (.data)
                  20012bec    00000005                     : ClockPSysTick_nortos.oem4 (.data)
                  20012bf1    00000003     --HOLE--
                  20012bf4    00000004     rtsv7M4_T_le_eabi.lib : errno.c.obj (.data)

.bss       0    20013118    000003d4     UNINITIALIZED
                  20013118    0000012c     (.common:PowerCC32XX_contextSave)
                  20013244    000000fc     (.common:i2cCC32XXObjects)
                  20013340    00000084     (.common:uartCC32XXObjects0)
                  200133c4    00000040     (.common:output)
                  20013404    00000034     (.common:timerCC32XXObjects)
                  20013438    00000020     drivers_cc32xx.a : GPIOCC32XX.oem4 (.bss:gpioCallbackInfo)
                  20013458    00000020     ti_drivers_config.obj (.bss:uartCC32XXRingBuffer0)
                  20013478    00000020     (.common:i2cTransaction)
                  20013498    00000014     drivers_cc32xx.a : GPIOCC32XX.oem4 (.bss:powerNotifyObj)
                  200134ac    00000004                      : GPIOCC32XX.oem4 (.bss)
                  200134b0    00000010     (.common:ClockP_ctrl)
                  200134c0    0000000d     nortos_cc32xx.a : SwiP_nortos.oem4 (.bss)
                  200134cd    00000003     --HOLE--
                  200134d0    00000004                     : ClockPSysTick_nortos.oem4 (.bss)
                  200134d4    00000004     drivers_cc32xx.a : TimerCC32XX.oem4 (.bss:timerState)
                  200134d8    00000004     (.common:i2c)
                  200134dc    00000004     (.common:rxBuffer)
                  200134e0    00000004     (.common:timer0)
                  200134e4    00000004     (.common:txBuffer)
                  200134e8    00000004     (.common:uart)

.log_data 
*          0    90000000    00000000     COPY SECTION

__llvm_prf_cnts 
*          0    20004000    00000000     UNINITIALIZED

MODULE SUMMARY

       Module                       code    ro data   rw data
       ------                       ----    -------   -------
    .\
       gpiointerrupt.obj            1560    36        138    
       main_nortos.obj              18      0         0      
    +--+----------------------------+-------+---------+---------+
       Total:                       1578    36        138    
                                                             
    .\syscfg\
       ti_drivers_config.obj        18      201       740    
    +--+----------------------------+-------+---------+---------+
       Total:                       18      201       740    
                                                             
    C:/ti/simplelink_cc32xx_sdk_4_30_00_06/kernel/nortos/lib/ccs/m4/nortos_cc32xx.a
       HwiPCC32XX_nortos.oem4       394     0         788    
       startup_cc32xx_ccs.oem4      90      64        780    
       ClockPSysTick_nortos.oem4    702     0         25     
       PowerCC32XX_nortos.oem4      472     0         0      
       SemaphoreP_nortos.oem4       408     0         11     
       SwiP_nortos.oem4             96      0         13     
    +--+----------------------------+-------+---------+---------+
       Total:                       2162    64        1617   
                                                             
    C:/ti/simplelink_cc32xx_sdk_4_30_00_06/source/ti/devices/cc32xx/driverlib/ccs/Release/driverlib.a
       prcm.obj                     1604    168       0      
       pin.obj                      280     256       0      
       interrupt.obj                334     48        0      
       i2c.obj                      318     0         0      
       timer.obj                    264     0         0      
       flash.obj                    72      0         0      
       uart.obj                     48      0         0      
       cpu.obj                      20      0         0      
       utils.obj                    6       0         0      
    +--+----------------------------+-------+---------+---------+
       Total:                       2946    472       0      
                                                             
    C:/ti/simplelink_cc32xx_sdk_4_30_00_06/source/ti/drivers/lib/ccs/m4/drivers_cc32xx.a
       UARTCC32XX.oem4              3466    116       0      
       PowerCC32XX.oem4             2432    0         664    
       I2CCC32XX.oem4               1452    16        0      
       GPIOCC32XX.oem4              1208    103       65     
       TimerCC32XX.oem4             1132    32        4      
       I2C.oem4                     366     16        0      
       UART.oem4                    166     36        1      
       RingBuf.oem4                 198     0         0      
       Timer.oem4                   158     12        1      
       PowerCC32XX_asm.oem4         150     0         0      
       List.oem4                    76      0         0      
    +--+----------------------------+-------+---------+---------+
       Total:                       10804   331       735    
                                                             
    C:\Users\mband\ccs\tools\compiler\ti-cgt-arm_20.2.7.LTS\lib\rtsv7M4_T_le_eabi.lib
       _printfi.c.obj               4835    0         0      
       memory.c.obj                 672     0         8      
       fd_add_t2.asm.obj            438     0         0      
       fd_div_t2.asm.obj            310     0         0      
       fd_cmp_t2.asm.obj            268     0         0      
       ctype.c.obj                  0       257       0      
       fd_mul_t2.asm.obj            252     0         0      
       s_scalbn.c.obj               208     0         0      
       memcpy_t2.asm.obj            156     0         0      
       ull_div_t2.asm.obj           150     0         0      
       snprintf.c.obj               148     0         0      
       fs_mul_t2.asm.obj            122     0         0      
       memset_t2.asm.obj            122     0         0      
       copy_decompress_lzss.c.obj   104     0         0      
       s_frexp.c.obj                92      0         0      
       _ltoa.c.obj                  84      0         0      
       atoi.c.obj                   76      0         0      
       fd_toi_t2.asm.obj            72      0         0      
       autoinit.c.obj               68      0         0      
       fs_toi_t2.asm.obj            56      0         0      
       i_tofs_t2.asm.obj            56      0         0      
       i_tofd_t2.asm.obj            46      0         0      
       boot_cortex_m.c.obj          36      0         0      
       copy_zero_init.c.obj         28      0         0      
       memccpy.c.obj                28      0         0      
       ll_mul_t2.asm.obj            24      0         0      
       strchr.c.obj                 22      0         0      
       strlen.c.obj                 20      0         0      
       wcslen.c.obj                 18      0         0      
       copy_decompress_none.c.obj   14      0         0      
       errno.c.obj                  8       0         4      
       s_copysign.c.obj             12      0         0      
       _lock.c.obj                  2       0         8      
       exit.c.obj                   4       0         0      
       pre_init.c.obj               4       0         0      
       div0.asm.obj                 2       0         0      
    +--+----------------------------+-------+---------+---------+
       Total:                       8557    257       20     
                                                             
       Heap:                        0       0         32768  
       Stack:                       0       0         4096   
       Linker Generated:            0       249       0      
    +--+----------------------------+-------+---------+---------+
       Grand Total:                 26065   1610      40114  


LINKER GENERATED COPY TABLES

__TI_cinit_table @ 200135e0 records: 2, size/record: 8, table size: 16
	.data: load addr=200134f0, load size=000000d5 bytes, run addr=20012620, run size=000005d8 bytes, compression=lzss
	.bss: load addr=200135d8, load size=00000008 bytes, run addr=20013118, run size=000003d4 bytes, compression=zero_init


LINKER GENERATED HANDLER TABLE

__TI_handler_table @ 200135c8 records: 3, size/record: 4, table size: 12
	index: 0, handler: __TI_decompress_lzss
	index: 1, handler: __TI_decompress_none
	index: 2, handler: __TI_zero_init


GLOBAL SYMBOLS: SORTED ALPHABETICALLY BY Name 

address   name                             
-------   ----                             
2001240d  Board_init                       
2000ca8f  Board_initHook                   
2001261d  C$$EXIT                          
200130d8  CONFIG_GPIO_BUTTON_0_CONST       
200130d9  CONFIG_GPIO_BUTTON_1_CONST       
200130da  CONFIG_GPIO_LED_0_CONST          
200130db  CONFIG_I2C_0_CONST               
200130dd  CONFIG_TIMER_0_CONST             
200130df  CONFIG_UART_0_CONST              
200122eb  CPUcpsid                         
20012599  ClockP_Params_init               
2001241d  ClockP_add                       
20011581  ClockP_construct                 
2001207d  ClockP_create                    
200134b0  ClockP_ctrl                      
2001242d  ClockP_delete                    
20011741  ClockP_destruct                  
20010e71  ClockP_doTick                    
2001243d  ClockP_getCpuFreq                
2001244d  ClockP_getSystemTicks            
20011a59  ClockP_getTicksUntilInterrupt    
200125a3  ClockP_isActive                  
2001245d  ClockP_setTicks                  
2001260d  ClockP_setTimeout                
20011bc5  ClockP_start                     
20011a8d  ClockP_startup                   
2001131d  ClockP_stop                      
20010e71  ClockP_sysTickHandler            
20012bec  ClockP_tickPeriod                
20011129  FlashDisable                     
20013004  GPIOCC32XX_config                
20010f61  GPIO_enableInt                   
20010499  GPIO_hwiIntFxn                   
2000f02d  GPIO_init                        
200109b5  GPIO_setCallback                 
2000d5fd  GPIO_setConfig                   
20010ac9  GPIO_write                       
200123a1  HwiP_Params_init                 
200124ed  HwiP_clearInterrupt              
2000fd71  HwiP_construct                   
20011cb1  HwiP_create                      
2001246d  HwiP_delete                      
20011ef7  HwiP_destruct                    
200124fb  HwiP_disable                     
20012509  HwiP_disableInterrupt            
20011e69  HwiP_dispatch                    
20012517  HwiP_enable                      
20012525  HwiP_enableInterrupt             
20012301  HwiP_inISR                       
20012be4  HwiP_key                         
20012611  HwiP_post                        
2001247d  HwiP_restore                     
20012be8  HwiP_swiPIntNum                  
20011dd1  I2CFIFODataGetNonBlocking        
20011d2f  I2CFIFODataPutNonBlocking        
2001248d  I2CFIFOStatus                    
2001227d  I2CMasterBurstLengthSet          
200120cb  I2CMasterBusBusy                 
200123b3  I2CMasterIntClearEx              
200120e3  I2CMasterIntDisableEx            
200120fb  I2CMasterIntEnableEx             
20011f79  I2CMasterIntStatusEx             
20011ed5  I2CMasterSlaveAddrSet            
20012113  I2CRxFIFOFlush                   
20012315  I2CSupport_masterFinish          
200125f5  I2CSupport_powerRelConstraint    
200125fb  I2CSupport_powerSetConstraint    
20010753  I2CSupport_primeTransfer         
2001212b  I2CTxFIFOFlush                   
2001249d  I2C_Params_init                  
20011df7  I2C_cancel                       
200130e4  I2C_config                       
200130dc  I2C_count                        
20013068  I2C_defaultParams                
2000db63  I2C_init                         
2000e9e9  I2C_open                         
20012329  I2C_transfer                     
2000e465  I2C_transferTimeout              
UNDEFED   ITM_flush                        
UNDEFED   ITM_restore                      
2000f745  IntEnable                        
200125ad  IntMasterDisable                 
2000fdfd  IntPendSet                       
2001233d  IntVTableBaseSet                 
20011e1d  List_put                         
20011e43  List_remove                      
20012517  NoRTOS_start                     
2000ca91  PRCMCC3200MCUInit                
20012293  PRCMHIBRegRead                   
200122a9  PRCMHIBRegWrite                  
20011171  PRCMLPDSEnter                    
2001182d  PRCMLPDSEnterKeepDebugIf         
20011361  PRCMLPDSRestoreInfoSet           
20011d59  PRCMPeripheralClkDisable         
200111b9  PRCMPeripheralClkEnable          
20010b21  PRCMPeripheralReset              
20010955  PRCMSysResetCauseGet             
2000fe85  PinConfigSet                     
20011ac1  PinModeGet                       
200115c1  PinModeSet                       
20011ff1  PinToPadGet                      
20012ea4  PowerCC32XX_config               
2000f7ed  PowerCC32XX_configureWakeup      
20013118  PowerCC32XX_contextSave          
200113a5  PowerCC32XX_enterLPDS            
20011c85  PowerCC32XX_getParkState         
2000e33b  PowerCC32XX_initPolicy           
2001292c  PowerCC32XX_module               
20010ff9  PowerCC32XX_parkPin              
20011e8d  PowerCC32XX_reset                
20011af5  PowerCC32XX_restoreParkState     
20011bf5  PowerCC32XX_restoreParkedPin     
20010d79  PowerCC32XX_resumeLPDS           
2001088d  PowerCC32XX_setParkState         
2000db65  PowerCC32XX_sleepPolicy          
20012351  Power_disablePolicy              
200124ad  Power_enablePolicy               
20012569  Power_getConstraintMask          
20012365  Power_getDependencyCount         
20012145  Power_getTransitionLatency       
2001215d  Power_idleFunc                   
200100a1  Power_init                       
20011d81  Power_registerNotify             
20011201  Power_releaseConstraint          
20010b79  Power_releaseDependency          
2001177d  Power_setConstraint              
2001022d  Power_setDependency              
2000e0cd  Power_sleep                      
20011f19  Power_unregisterNotify           
200123c5  RingBuf_construct                
20011601  RingBuf_get                      
20012541  RingBuf_isFull                   
20011f39  RingBuf_peek                     
20011291  RingBuf_put                      
200124bd  SemaphoreP_Params_init           
20010ec1  SemaphoreP_construct             
20011f97  SemaphoreP_constructBinary       
200122bf  SemaphoreP_create                
20012097  SemaphoreP_createBinary          
20012bdc  SemaphoreP_defaultParams         
20012615  SemaphoreP_delete                
2000f9d9  SemaphoreP_pend                  
200113e9  SemaphoreP_post                  
2001200d  SwiP_disable                     
2001142d  SwiP_restore                     
20010f11  TimerCC32XX_allocateTimerResource
200117b9  TimerCC32XX_close                
20012601  TimerCC32XX_control              
20011b29  TimerCC32XX_freeTimerResource    
20012f7c  TimerCC32XX_fxnTable             
20012175  TimerCC32XX_getCount             
2000e587  TimerCC32XX_init                 
2000e33d  TimerCC32XX_open                 
2000ff0d  TimerCC32XX_setPeriod            
20010511  TimerCC32XX_start                
20010bd1  TimerCC32XX_stop                 
200119ed  TimerControlStall                
20011fb5  TimerDisable                     
20011fd3  TimerEnable                      
20012b90  TimerFlag                        
200123d7  TimerIntClear                    
2001218d  TimerIntDisable                  
200121a5  TimerIntEnable                   
20011cdb  TimerLoadSet                     
20011d05  TimerPrescaleSet                 
200124cd  Timer_Params_init                
200130b4  Timer_config                     
200130de  Timer_count                      
20011471  Timer_init                       
20011641  Timer_open                       
200125b7  Timer_start                      
200121bd  UARTBusy                         
2000e589  UARTCC32XX_close                 
2000ebe1  UARTCC32XX_control               
20012ee8  UARTCC32XX_fxnTable              
2000ecd3  UARTCC32XX_init                  
2000cebd  UARTCC32XX_open                  
20011681  UARTCC32XX_read                  
20011a23  UARTCC32XX_readCancel            
2000f1b1  UARTCC32XX_readPolling           
2000ef61  UARTCC32XX_write                 
20010825  UARTCC32XX_writeCancel           
200108f1  UARTCC32XX_writePolling          
200121d5  UARTIntEnable                    
200121ed  UART_Params_init                 
200130c0  UART_config                      
200130e0  UART_count                       
20012f10  UART_defaultParams               
200114b5  UART_init                        
200116c1  UART_open                        
200125c1  UART_write                       
20012607  UtilsDelay                       
20004000  __STACK_END                      
00001000  __STACK_SIZE                     
00008000  __SYSMEM_SIZE                    
200135e0  __TI_CINIT_Base                  
200135f0  __TI_CINIT_Limit                 
200135c8  __TI_Handler_Table_Base          
200135d4  __TI_Handler_Table_Limit         
200114f9  __TI_auto_init_nobinit_nopinit   
200107bd  __TI_decompress_lzss             
2001254f  __TI_decompress_none             
20010c7d  __TI_ltoa                        
ffffffff  __TI_pprof_out_hndl              
2000c041  __TI_printfi                     
ffffffff  __TI_prof_data_size              
ffffffff  __TI_prof_data_start             
200134f0  __TI_static_base__               
20012029  __TI_zero_init_nomemset          
2000ff95  __aeabi_cdcmpeq                  
2000ff95  __aeabi_cdcmple                  
2001001b  __aeabi_cdrcmple                 
20011249  __aeabi_d2iz                     
2000d9b7  __aeabi_dadd                     
2000e205  __aeabi_ddiv                     
2000eae5  __aeabi_dmul                     
2000d9ad  __aeabi_dsub                     
200125d5  __aeabi_errno_addr               
2001197d  __aeabi_f2iz                     
200103a3  __aeabi_fmul                     
20011c55  __aeabi_i2d                      
200119b5  __aeabi_i2f                      
20010e6f  __aeabi_idiv0                    
20010e6f  __aeabi_ldiv0                    
2001224d  __aeabi_lmul                     
2001041d  __aeabi_memclr                   
2001041d  __aeabi_memclr4                  
2001041d  __aeabi_memclr8                  
2000fb15  __aeabi_memcpy                   
2000fb15  __aeabi_memcpy4                  
2000fb15  __aeabi_memcpy8                  
2001041f  __aeabi_memset                   
2001041f  __aeabi_memset4                  
2001041f  __aeabi_memset8                  
2000fc49  __aeabi_uldivmod                 
ffffffff  __binit__                        
ffffffff  __c_args__                       
UNDEFED   __mpu_init                       
20003000  __stack                          
20004000  __start___llvm_prf_cnts          
20004000  __stop___llvm_prf_cnts           
20011eb1  _c_int00_noargs                  
20012bf8  _ctypes_                         
20012bcc  _lock                            
2000f02b  _nop                             
20004040  _sys_memory                      
UNDEFED   _system_post_cinit               
20012619  _system_pre_init                 
20012bd0  _unlock                          
2001261d  abort                            
2000e8e9  aligned_alloc                    
20011045  atoi                             
ffffffff  binit                            
200118d5  buttonPress                      
2000fcdf  clkFxn                           
20012575  copysign                         
20012575  copysignl                        
20012ba5  decreaseSetpoint                 
20012bf4  errno                            
2000ecd5  free                             
20010a11  frexp                            
20010a11  frexpl                           
2001221d  gpioButtonFxn0                   
20012235  gpioButtonFxn1                   
20012ba8  gpioCallbackFunctions            
20012bb4  gpioPinConfigs                   
20012b9c  heating                          
200134d8  i2c                              
2001302c  i2cCC32XXHWAttrs                 
20013244  i2cCC32XXObjects                 
20013478  i2cTransaction                   
20013102  inPinTypes                       
20012ba4  increaseSetpoint                 
2000d3ad  initI2C                          
20010cd1  initTimer                        
2001153d  initUART                         
2001190d  initVectors                      
2000ee91  ldexp                            
2000ee91  ldexpl                           
200123e9  main                             
2000edb9  mainThread                       
200125dd  malloc                           
2000e8e9  memalign                         
20012061  memccpy                          
2000fb15  memcpy                           
20010425  memset                           
20013108  outPinStrengths                  
200130ec  outPinTypes                      
200133c4  output                           
20012a98  parkInfo                         
2000e7c9  readTemp                         
20010125  reportUpdate                     
200120b1  resetISR                         
200120c4  resetVectorAddr                  
20004000  resetVectors                     
200134dc  rxBuffer                         
2000ee91  scalbn                           
2000ee91  scalbnl                          
20012ba0  seconds                          
20012b98  setpoint                         
200110dd  snprintf                         
200122d5  strchr                           
2001238d  strlen                           
20012b94  temperature                      
200134e0  timer0                           
20013098  timerCC32XXHWAttrs               
20013404  timerCC32XXObjects               
20012265  timerCallback                    
200134e4  txBuffer                         
200134e8  uart                             
20013340  uartCC32XXObjects0               
20011b91  updateTemp                       
200123fb  wcslen                           


GLOBAL SYMBOLS: SORTED BY Symbol Address 

address   name                             
-------   ----                             
00001000  __STACK_SIZE                     
00008000  __SYSMEM_SIZE                    
20003000  __stack                          
20004000  __STACK_END                      
20004000  __start___llvm_prf_cnts          
20004000  __stop___llvm_prf_cnts           
20004000  resetVectors                     
20004040  _sys_memory                      
2000c041  __TI_printfi                     
2000ca8f  Board_initHook                   
2000ca91  PRCMCC3200MCUInit                
2000cebd  UARTCC32XX_open                  
2000d3ad  initI2C                          
2000d5fd  GPIO_setConfig                   
2000d9ad  __aeabi_dsub                     
2000d9b7  __aeabi_dadd                     
2000db63  I2C_init                         
2000db65  PowerCC32XX_sleepPolicy          
2000e0cd  Power_sleep                      
2000e205  __aeabi_ddiv                     
2000e33b  PowerCC32XX_initPolicy           
2000e33d  TimerCC32XX_open                 
2000e465  I2C_transferTimeout              
2000e587  TimerCC32XX_init                 
2000e589  UARTCC32XX_close                 
2000e7c9  readTemp                         
2000e8e9  aligned_alloc                    
2000e8e9  memalign                         
2000e9e9  I2C_open                         
2000eae5  __aeabi_dmul                     
2000ebe1  UARTCC32XX_control               
2000ecd3  UARTCC32XX_init                  
2000ecd5  free                             
2000edb9  mainThread                       
2000ee91  ldexp                            
2000ee91  ldexpl                           
2000ee91  scalbn                           
2000ee91  scalbnl                          
2000ef61  UARTCC32XX_write                 
2000f02b  _nop                             
2000f02d  GPIO_init                        
2000f1b1  UARTCC32XX_readPolling           
2000f745  IntEnable                        
2000f7ed  PowerCC32XX_configureWakeup      
2000f9d9  SemaphoreP_pend                  
2000fb15  __aeabi_memcpy                   
2000fb15  __aeabi_memcpy4                  
2000fb15  __aeabi_memcpy8                  
2000fb15  memcpy                           
2000fc49  __aeabi_uldivmod                 
2000fcdf  clkFxn                           
2000fd71  HwiP_construct                   
2000fdfd  IntPendSet                       
2000fe85  PinConfigSet                     
2000ff0d  TimerCC32XX_setPeriod            
2000ff95  __aeabi_cdcmpeq                  
2000ff95  __aeabi_cdcmple                  
2001001b  __aeabi_cdrcmple                 
200100a1  Power_init                       
20010125  reportUpdate                     
2001022d  Power_setDependency              
200103a3  __aeabi_fmul                     
2001041d  __aeabi_memclr                   
2001041d  __aeabi_memclr4                  
2001041d  __aeabi_memclr8                  
2001041f  __aeabi_memset                   
2001041f  __aeabi_memset4                  
2001041f  __aeabi_memset8                  
20010425  memset                           
20010499  GPIO_hwiIntFxn                   
20010511  TimerCC32XX_start                
20010753  I2CSupport_primeTransfer         
200107bd  __TI_decompress_lzss             
20010825  UARTCC32XX_writeCancel           
2001088d  PowerCC32XX_setParkState         
200108f1  UARTCC32XX_writePolling          
20010955  PRCMSysResetCauseGet             
200109b5  GPIO_setCallback                 
20010a11  frexp                            
20010a11  frexpl                           
20010ac9  GPIO_write                       
20010b21  PRCMPeripheralReset              
20010b79  Power_releaseDependency          
20010bd1  TimerCC32XX_stop                 
20010c7d  __TI_ltoa                        
20010cd1  initTimer                        
20010d79  PowerCC32XX_resumeLPDS           
20010e6f  __aeabi_idiv0                    
20010e6f  __aeabi_ldiv0                    
20010e71  ClockP_doTick                    
20010e71  ClockP_sysTickHandler            
20010ec1  SemaphoreP_construct             
20010f11  TimerCC32XX_allocateTimerResource
20010f61  GPIO_enableInt                   
20010ff9  PowerCC32XX_parkPin              
20011045  atoi                             
200110dd  snprintf                         
20011129  FlashDisable                     
20011171  PRCMLPDSEnter                    
200111b9  PRCMPeripheralClkEnable          
20011201  Power_releaseConstraint          
20011249  __aeabi_d2iz                     
20011291  RingBuf_put                      
2001131d  ClockP_stop                      
20011361  PRCMLPDSRestoreInfoSet           
200113a5  PowerCC32XX_enterLPDS            
200113e9  SemaphoreP_post                  
2001142d  SwiP_restore                     
20011471  Timer_init                       
200114b5  UART_init                        
200114f9  __TI_auto_init_nobinit_nopinit   
2001153d  initUART                         
20011581  ClockP_construct                 
200115c1  PinModeSet                       
20011601  RingBuf_get                      
20011641  Timer_open                       
20011681  UARTCC32XX_read                  
200116c1  UART_open                        
20011741  ClockP_destruct                  
2001177d  Power_setConstraint              
200117b9  TimerCC32XX_close                
2001182d  PRCMLPDSEnterKeepDebugIf         
200118d5  buttonPress                      
2001190d  initVectors                      
2001197d  __aeabi_f2iz                     
200119b5  __aeabi_i2f                      
200119ed  TimerControlStall                
20011a23  UARTCC32XX_readCancel            
20011a59  ClockP_getTicksUntilInterrupt    
20011a8d  ClockP_startup                   
20011ac1  PinModeGet                       
20011af5  PowerCC32XX_restoreParkState     
20011b29  TimerCC32XX_freeTimerResource    
20011b91  updateTemp                       
20011bc5  ClockP_start                     
20011bf5  PowerCC32XX_restoreParkedPin     
20011c55  __aeabi_i2d                      
20011c85  PowerCC32XX_getParkState         
20011cb1  HwiP_create                      
20011cdb  TimerLoadSet                     
20011d05  TimerPrescaleSet                 
20011d2f  I2CFIFODataPutNonBlocking        
20011d59  PRCMPeripheralClkDisable         
20011d81  Power_registerNotify             
20011dd1  I2CFIFODataGetNonBlocking        
20011df7  I2C_cancel                       
20011e1d  List_put                         
20011e43  List_remove                      
20011e69  HwiP_dispatch                    
20011e8d  PowerCC32XX_reset                
20011eb1  _c_int00_noargs                  
20011ed5  I2CMasterSlaveAddrSet            
20011ef7  HwiP_destruct                    
20011f19  Power_unregisterNotify           
20011f39  RingBuf_peek                     
20011f79  I2CMasterIntStatusEx             
20011f97  SemaphoreP_constructBinary       
20011fb5  TimerDisable                     
20011fd3  TimerEnable                      
20011ff1  PinToPadGet                      
2001200d  SwiP_disable                     
20012029  __TI_zero_init_nomemset          
20012061  memccpy                          
2001207d  ClockP_create                    
20012097  SemaphoreP_createBinary          
200120b1  resetISR                         
200120c4  resetVectorAddr                  
200120cb  I2CMasterBusBusy                 
200120e3  I2CMasterIntDisableEx            
200120fb  I2CMasterIntEnableEx             
20012113  I2CRxFIFOFlush                   
2001212b  I2CTxFIFOFlush                   
20012145  Power_getTransitionLatency       
2001215d  Power_idleFunc                   
20012175  TimerCC32XX_getCount             
2001218d  TimerIntDisable                  
200121a5  TimerIntEnable                   
200121bd  UARTBusy                         
200121d5  UARTIntEnable                    
200121ed  UART_Params_init                 
2001221d  gpioButtonFxn0                   
20012235  gpioButtonFxn1                   
2001224d  __aeabi_lmul                     
20012265  timerCallback                    
2001227d  I2CMasterBurstLengthSet          
20012293  PRCMHIBRegRead                   
200122a9  PRCMHIBRegWrite                  
200122bf  SemaphoreP_create                
200122d5  strchr                           
200122eb  CPUcpsid                         
20012301  HwiP_inISR                       
20012315  I2CSupport_masterFinish          
20012329  I2C_transfer                     
2001233d  IntVTableBaseSet                 
20012351  Power_disablePolicy              
20012365  Power_getDependencyCount         
2001238d  strlen                           
200123a1  HwiP_Params_init                 
200123b3  I2CMasterIntClearEx              
200123c5  RingBuf_construct                
200123d7  TimerIntClear                    
200123e9  main                             
200123fb  wcslen                           
2001240d  Board_init                       
2001241d  ClockP_add                       
2001242d  ClockP_delete                    
2001243d  ClockP_getCpuFreq                
2001244d  ClockP_getSystemTicks            
2001245d  ClockP_setTicks                  
2001246d  HwiP_delete                      
2001247d  HwiP_restore                     
2001248d  I2CFIFOStatus                    
2001249d  I2C_Params_init                  
200124ad  Power_enablePolicy               
200124bd  SemaphoreP_Params_init           
200124cd  Timer_Params_init                
200124ed  HwiP_clearInterrupt              
200124fb  HwiP_disable                     
20012509  HwiP_disableInterrupt            
20012517  HwiP_enable                      
20012517  NoRTOS_start                     
20012525  HwiP_enableInterrupt             
20012541  RingBuf_isFull                   
2001254f  __TI_decompress_none             
20012569  Power_getConstraintMask          
20012575  copysign                         
20012575  copysignl                        
20012599  ClockP_Params_init               
200125a3  ClockP_isActive                  
200125ad  IntMasterDisable                 
200125b7  Timer_start                      
200125c1  UART_write                       
200125d5  __aeabi_errno_addr               
200125dd  malloc                           
200125f5  I2CSupport_powerRelConstraint    
200125fb  I2CSupport_powerSetConstraint    
20012601  TimerCC32XX_control              
20012607  UtilsDelay                       
2001260d  ClockP_setTimeout                
20012611  HwiP_post                        
20012615  SemaphoreP_delete                
20012619  _system_pre_init                 
2001261d  C$$EXIT                          
2001261d  abort                            
2001292c  PowerCC32XX_module               
20012a98  parkInfo                         
20012b90  TimerFlag                        
20012b94  temperature                      
20012b98  setpoint                         
20012b9c  heating                          
20012ba0  seconds                          
20012ba4  increaseSetpoint                 
20012ba5  decreaseSetpoint                 
20012ba8  gpioCallbackFunctions            
20012bb4  gpioPinConfigs                   
20012bcc  _lock                            
20012bd0  _unlock                          
20012bdc  SemaphoreP_defaultParams         
20012be4  HwiP_key                         
20012be8  HwiP_swiPIntNum                  
20012bec  ClockP_tickPeriod                
20012bf4  errno                            
20012bf8  _ctypes_                         
20012ea4  PowerCC32XX_config               
20012ee8  UARTCC32XX_fxnTable              
20012f10  UART_defaultParams               
20012f7c  TimerCC32XX_fxnTable             
20013004  GPIOCC32XX_config                
2001302c  i2cCC32XXHWAttrs                 
20013068  I2C_defaultParams                
20013098  timerCC32XXHWAttrs               
200130b4  Timer_config                     
200130c0  UART_config                      
200130d8  CONFIG_GPIO_BUTTON_0_CONST       
200130d9  CONFIG_GPIO_BUTTON_1_CONST       
200130da  CONFIG_GPIO_LED_0_CONST          
200130db  CONFIG_I2C_0_CONST               
200130dc  I2C_count                        
200130dd  CONFIG_TIMER_0_CONST             
200130de  Timer_count                      
200130df  CONFIG_UART_0_CONST              
200130e0  UART_count                       
200130e4  I2C_config                       
200130ec  outPinTypes                      
20013102  inPinTypes                       
20013108  outPinStrengths                  
20013118  PowerCC32XX_contextSave          
20013244  i2cCC32XXObjects                 
20013340  uartCC32XXObjects0               
200133c4  output                           
20013404  timerCC32XXObjects               
20013478  i2cTransaction                   
200134b0  ClockP_ctrl                      
200134d8  i2c                              
200134dc  rxBuffer                         
200134e0  timer0                           
200134e4  txBuffer                         
200134e8  uart                             
200134f0  __TI_static_base__               
200135c8  __TI_Handler_Table_Base          
200135d4  __TI_Handler_Table_Limit         
200135e0  __TI_CINIT_Base                  
200135f0  __TI_CINIT_Limit                 
ffffffff  __TI_pprof_out_hndl              
ffffffff  __TI_prof_data_size              
ffffffff  __TI_prof_data_start             
ffffffff  __binit__                        
ffffffff  __c_args__                       
ffffffff  binit                            
UNDEFED   ITM_flush                        
UNDEFED   ITM_restore                      
UNDEFED   __mpu_init                       
UNDEFED   _system_post_cinit               

[313 symbols]
